分类: 📺央视频道, 名称: CCTV-2, 有效: 3, IPv4: 4, IPv6: 1, 最小延迟: 728 ms, 最高速率: 2.42 M/s, 平均速率: 1.38 M/s, 最高分辨率: 1920x1080, 平均帧率: 31.25, 视频编解码器: h264, 音频编解码器: aac
分类: 📺央视频道, 名称: CCTV-1, 有效: 2, IPv4: 4, IPv6: 1, 最小延迟: 235 ms, 最高速率: 32.53 M/s, 平均速率: 17.13 M/s, 最高分辨率: 1920x1080, 平均帧率: 31.25, 视频编解码器: h264, 音频编解码器: aac
分类: 📺央视频道, 名称: CCTV-5, 有效: 3, IPv4: 5, IPv6: 0, 最小延迟: 763 ms, 最高速率: 5.84 M/s, 平均速率: 2.75 M/s, 最高分辨率: 1920x1080, 平均帧率: 25.00, 视频编解码器: h264, 音频编解码器: aac
分类: 📺央视频道, 名称: CCTV-4, 有效: 2, IPv4: 4, IPv6: 1, 最小延迟: 111 ms, 最高速率: 62.35 M/s, 平均速率: 33.39 M/s, 最高分辨率: 1920x1080, 平均帧率: 25.00, 视频编解码器: h264, 音频编解码器: aac
分类: 📺央视频道, 名称: CCTV-3, 有效: 2, IPv4: 5, IPv6: 0, 最小延迟: 677 ms, 最高速率: 5.82 M/s, 平均速率: 3.23 M/s, 最高分辨率: 1920x1080, 平均帧率: 37.50, 视频编解码器: h264, 音频编解码器: mp2
分类: 📺央视频道, 名称: CCTV-5+, 有效: 4, IPv4: 4, IPv6: 1, 最小延迟: 44 ms, 最高速率: 96.37 M/s, 平均速率: 26.32 M/s, 最高分辨率: 1920x1080, 平均帧率: 31.25, 视频编解码器: h264, 音频编解码器: aac
分类: 📺央视频道, 名称: CCTV-6, 有效: 3, IPv4: 4, IPv6: 1, 最小延迟: 696 ms, 最高速率: 12.70 M/s, 平均速率: 5.23 M/s, 最高分辨率: 1920x1080, 平均帧率: 37.50, 视频编解码器: h264, 音频编解码器: aac
分类: 📺央视频道, 名称: CCTV-7, 有效: 2, IPv4: 5, IPv6: 0, 最小延迟: 721 ms, 最高速率: 2.54 M/s, 平均速率: 2.02 M/s, 最高分辨率: 1920x1080, 平均帧率: 31.25, 视频编解码器: h264, 音频编解码器: aac
分类: 📺央视频道, 名称: CCTV-8, 有效: 2, IPv4: 3, IPv6: 2, 最小延迟: 263 ms, 最高速率: 42.63 M/s, 平均速率: 21.99 M/s, 最高分辨率: 1920x1080, 平均帧率: 25.00, 视频编解码器: h264, 音频编解码器: aac
分类: 📺央视频道, 名称: CCTV-10, 有效: 1, IPv4: 4, IPv6: 1, 最小延迟: 674 ms, 最高速率: 9.81 M/s, 平均速率: 9.81 M/s, 最高分辨率: 1920x1080, 平均帧率: 37.50, 视频编解码器: h264, 音频编解码器: mp2
分类: 📺央视频道, 名称: CCTV-9, 有效: 2, IPv4: 3, IPv6: 2, 最小延迟: 52 ms, 最高速率: 113.07 M/s, 平均速率: 56.85 M/s, 最高分辨率: 1920x1080, 平均帧率: 37.50, 视频编解码器: h264, 音频编解码器: aac
分类: 📺央视频道, 名称: CCTV-11, 有效: 1, IPv4: 5, IPv6: 0, 最小延迟: 507 ms, 最高速率: 3.13 M/s, 平均速率: 3.13 M/s, 最高分辨率: 1920x1080, 平均帧率: 37.50, 视频编解码器: h264, 音频编解码器: mp2
分类: 📺央视频道, 名称: CCTV-12, 有效: 3, IPv4: 4, IPv6: 1, 最小延迟: 1100 ms, 最高速率: 5.02 M/s, 平均速率: 3.40 M/s, 最高分辨率: 1920x1080, 平均帧率: 31.25, 视频编解码器: h264, 音频编解码器: aac
分类: 📺央视频道, 名称: CCTV-13, 有效: 0, IPv4: 4, IPv6: 1, 最小延迟: 1472 ms, 最高速率: 0.39 M/s, 平均速率: 0.00 M/s, 最高分辨率: 1920x1080, 平均帧率: 37.50, 视频编解码器: hevc, 音频编解码器: mp2
分类: 📺央视频道, 名称: CCTV-14, 有效: 1, IPv4: 3, IPv6: 2, 最小延迟: 204 ms, 最高速率: 45.39 M/s, 平均速率: 45.39 M/s, 最高分辨率: 1920x1080, 平均帧率: 31.25, 视频编解码器: h264, 音频编解码器: aac
分类: 📺央视频道, 名称: CCTV-15, 有效: 2, IPv4: 4, IPv6: 1, 最小延迟: 136 ms, 最高速率: 34.94 M/s, 平均速率: 18.28 M/s, 最高分辨率: 1920x1080, 平均帧率: 35.00, 视频编解码器: h264, 音频编解码器: mp2
分类: 📺央视频道, 名称: CCTV-17, 有效: 3, IPv4: 4, IPv6: 1, 最小延迟: 263 ms, 最高速率: 25.52 M/s, 平均速率: 18.21 M/s, 最高分辨率: 1920x1080, 平均帧率: 25.00, 视频编解码器: h264, 音频编解码器: mp2
分类: 📺央视频道, 名称: CETV-2, 有效: 1, IPv4: 1, IPv6: 0, 最小延迟: 47 ms, 最高速率: 6.03 M/s, 平均速率: 6.03 M/s, 最高分辨率: 1280x720, 平均帧率: 30.00, 视频编解码器: h264, 音频编解码器: aac
分类: 📺央视频道, 名称: CETV-1, 有效: 4, IPv4: 4, IPv6: 0, 最小延迟: 33 ms, 最高速率: 6.61 M/s, 平均速率: 3.22 M/s, 最高分辨率: 1920x1080, 平均帧率: 26.25, 视频编解码器: h264, 音频编解码器: aac
分类: 📺央视频道, 名称: CCTV-16, 有效: 5, IPv4: 4, IPv6: 1, 最小延迟: 860 ms, 最高速率: 5.15 M/s, 平均速率: 2.23 M/s, 最高分辨率: 1920x1080, 平均帧率: 25.00, 视频编解码器: h264, 音频编解码器: aac
分类: 📺央视频道, 名称: CETV-4, 有效: 1, IPv4: 3, IPv6: 0, 最小延迟: 26 ms, 最高速率: 6.13 M/s, 平均速率: 6.13 M/s, 最高分辨率: 1920x1080, 平均帧率: 27.50, 视频编解码器: h264, 音频编解码器: aac
分类: 💰央视付费频道, 名称: 风云音乐, 有效: 3, IPv4: 3, IPv6: 0, 最小延迟: 773 ms, 最高速率: 22.64 M/s, 平均速率: 9.19 M/s, 最高分辨率: 1920x1080, 平均帧率: 25.00, 视频编解码器: h264, 音频编解码器: mp2
分类: 💰央视付费频道, 名称: 央视台球, 有效: 1, IPv4: 3, IPv6: 0, 最小延迟: 1067 ms, 最高速率: 1.33 M/s, 平均速率: 1.33 M/s, 最高分辨率: 1920x1080, 平均帧率: 25.00, 视频编解码器: h264, 音频编解码器: aac
分类: 💰央视付费频道, 名称: 第一剧场, 有效: 5, IPv4: 10, IPv6: 0, 最小延迟: 94 ms, 最高速率: 5.40 M/s, 平均速率: 3.45 M/s, 最高分辨率: 1920x1080, 平均帧率: 25.00, 视频编解码器: h264, 音频编解码器: aac
分类: 💰央视付费频道, 名称: 怀旧剧场, 有效: 3, IPv4: 5, IPv6: 0, 最小延迟: 995 ms, 最高速率: 4.40 M/s, 平均速率: 3.99 M/s, 最高分辨率: 1920x1080, 平均帧率: 25.00, 视频编解码器: h264, 音频编解码器: aac
分类: 💰央视付费频道, 名称: 高尔夫网球, 有效: 2, IPv4: 3, IPv6: 0, 最小延迟: 1078 ms, 最高速率: 1.75 M/s, 平均速率: 1.71 M/s, 最高分辨率: 1920x1080, 平均帧率: 25.00, 视频编解码器: h264, 音频编解码器: aac
分类: 💰央视付费频道, 名称: 文化精品, 有效: 4, IPv4: 5, IPv6: 0, 最小延迟: 757 ms, 最高速率: 9.37 M/s, 平均速率: 3.69 M/s, 最高分辨率: 1920x1080, 平均帧率: 25.00, 视频编解码器: h264, 音频编解码器: aac
分类: 💰央视付费频道, 名称: 世界地理, 有效: 5, IPv4: 5, IPv6: 0, 最小延迟: 946 ms, 最高速率: 5.18 M/s, 平均速率: 3.36 M/s, 最高分辨率: 1920x1080, 平均帧率: 25.00, 视频编解码器: h264, 音频编解码器: aac
分类: 💰央视付费频道, 名称: 兵器科技, 有效: 1, IPv4: 1, IPv6: 0, 最小延迟: 3721 ms, 最高速率: 2.59 M/s, 平均速率: 2.59 M/s, 最高分辨率: 1920x1080, 平均帧率: 25.00, 视频编解码器: h264, 音频编解码器: mp2
分类: 💰央视付费频道, 名称: 风云足球, 有效: 2, IPv4: 3, IPv6: 0, 最小延迟: 696 ms, 最高速率: 7.01 M/s, 平均速率: 5.18 M/s, 最高分辨率: 1920x1080, 平均帧率: 25.00, 视频编解码器: h264, 音频编解码器: aac
分类: 💰央视付费频道, 名称: 女性时尚, 有效: 4, IPv4: 5, IPv6: 0, 最小延迟: 648 ms, 最高速率: 5.93 M/s, 平均速率: 5.63 M/s, 最高分辨率: 1920x1080, 平均帧率: 25.00, 视频编解码器: h264, 音频编解码器: aac
分类: 📡卫视频道, 名称: 广东卫视, 有效: 5, IPv4: 5, IPv6: 0, 最小延迟: 52 ms, 最高速率: 117.01 M/s, 平均速率: 53.48 M/s, 最高分辨率: 1920x1080, 平均帧率: 25.00, 视频编解码器: h264, 音频编解码器: aac
分类: 💰央视付费频道, 名称: 电视指南, 有效: 3, IPv4: 4, IPv6: 0, 最小延迟: 1079 ms, 最高速率: 1.56 M/s, 平均速率: 1.44 M/s, 最高分辨率: 1920x1080, 平均帧率: 25.00, 视频编解码器: h264, 音频编解码器: aac
分类: 📡卫视频道, 名称: 浙江卫视, 有效: 4, IPv4: 4, IPv6: 1, 最小延迟: 66 ms, 最高速率: 32.19 M/s, 平均速率: 8.74 M/s, 最高分辨率: 1920x1080, 平均帧率: 25.00, 视频编解码器: h264, 音频编解码器: aac
分类: 📡卫视频道, 名称: 香港卫视, 有效: 1, IPv4: 1, IPv6: 1, 最小延迟: 10336 ms, 最高速率: 0.32 M/s, 平均速率: 0.32 M/s, 最高分辨率: 1280x720, 平均帧率: 25.00, 视频编解码器: h264, 音频编解码器: aac
分类: 📡卫视频道, 名称: 湖南卫视, 有效: 5, IPv4: 5, IPv6: 0, 最小延迟: 695 ms, 最高速率: 6.38 M/s, 平均速率: 3.14 M/s, 最高分辨率: 3840x2160, 平均帧率: 25.00, 视频编解码器: h264, 音频编解码器: aac
分类: 📡卫视频道, 名称: 北京卫视, 有效: 3, IPv4: 5, IPv6: 0, 最小延迟: 837 ms, 最高速率: 6.30 M/s, 平均速率: 3.55 M/s, 最高分辨率: 1920x1080, 平均帧率: 40.00, 视频编解码器: h264, 音频编解码器: mp2
分类: 📡卫视频道, 名称: 黑龙江卫视, 有效: 5, IPv4: 5, IPv6: 0, 最小延迟: 477 ms, 最高速率: 58.63 M/s, 平均速率: 14.54 M/s, 最高分辨率: 1920x1080, 平均帧率: 25.00, 视频编解码器: h264, 音频编解码器: mp2
分类: 📡卫视频道, 名称: 湖北卫视, 有效: 4, IPv4: 5, IPv6: 0, 最小延迟: 717 ms, 最高速率: 17.31 M/s, 平均速率: 10.38 M/s, 最高分辨率: 1920x1080, 平均帧率: 30.00, 视频编解码器: h264, 音频编解码器: mp2
分类: 📡卫视频道, 名称: 安徽卫视, 有效: 1, IPv4: 5, IPv6: 0, 最小延迟: 1610 ms, 最高速率: 0.81 M/s, 平均速率: 0.81 M/s, 最高分辨率: 1920x1080, 平均帧率: 40.00, 视频编解码器: h264, 音频编解码器: mp2
分类: 📡卫视频道, 名称: 重庆卫视, 有效: 1, IPv4: 5, IPv6: 0, 最小延迟: 1470 ms, 最高速率: 0.88 M/s, 平均速率: 0.88 M/s, 最高分辨率: 1920x1080, 平均帧率: 40.00, 视频编解码器: h264, 音频编解码器: mp2
分类: 📡卫视频道, 名称: 东方卫视, 有效: 3, IPv4: 5, IPv6: 0, 最小延迟: 119 ms, 最高速率: 15.55 M/s, 平均速率: 8.46 M/s, 最高分辨率: 1920x1080, 平均帧率: 30.00, 视频编解码器: h264, 音频编解码器: aac
分类: 📡卫视频道, 名称: 东南卫视, 有效: 2, IPv4: 4, IPv6: 1, 最小延迟: 814 ms, 最高速率: 5.23 M/s, 平均速率: 5.09 M/s, 最高分辨率: 1920x1080, 平均帧率: 35.00, 视频编解码器: h264, 音频编解码器: aac
分类: 📡卫视频道, 名称: 甘肃卫视, 有效: 3, IPv4: 5, IPv6: 0, 最小延迟: 728 ms, 最高速率: 5.18 M/s, 平均速率: 4.51 M/s, 最高分辨率: 1920x1080, 平均帧率: 30.00, 视频编解码器: h264, 音频编解码器: aac
分类: 📡卫视频道, 名称: 广西卫视, 有效: 3, IPv4: 5, IPv6: 0, 最小延迟: 1296 ms, 最高速率: 5.18 M/s, 平均速率: 3.96 M/s, 最高分辨率: 1920x1080, 平均帧率: 35.00, 视频编解码器: h264, 音频编解码器: aac
分类: 📡卫视频道, 名称: 贵州卫视, 有效: 3, IPv4: 5, IPv6: 0, 最小延迟: 697 ms, 最高速率: 5.95 M/s, 平均速率: 3.75 M/s, 最高分辨率: 1920x1080, 平均帧率: 35.00, 视频编解码器: h264, 音频编解码器: mp2
分类: 📡卫视频道, 名称: 海南卫视, 有效: 1, IPv4: 4, IPv6: 0, 最小延迟: 59 ms, 最高速率: 2.09 M/s, 平均速率: 2.09 M/s, 最高分辨率: 1920x1080, 平均帧率: 35.00, 视频编解码器: h264, 音频编解码器: aac
分类: 📡卫视频道, 名称: 河南卫视, 有效: 4, IPv4: 3, IPv6: 2, 最小延迟: 385 ms, 最高速率: 5.74 M/s, 平均速率: 5.03 M/s, 最高分辨率: 1920x1080, 平均帧率: 25.00, 视频编解码器: h264, 音频编解码器: aac
分类: 📡卫视频道, 名称: 河北卫视, 有效: 2, IPv4: 5, IPv6: 0, 最小延迟: 1438 ms, 最高速率: 3.08 M/s, 平均速率: 1.91 M/s, 最高分辨率: 1920x1080, 平均帧率: 40.00, 视频编解码器: h264, 音频编解码器: aac
分类: 📡卫视频道, 名称: 吉林卫视, 有效: 3, IPv4: 5, IPv6: 0, 最小延迟: 754 ms, 最高速率: 5.87 M/s, 平均速率: 4.95 M/s, 最高分辨率: 1920x1080, 平均帧率: 31.25, 视频编解码器: h264, 音频编解码器: aac
分类: 📡卫视频道, 名称: 江苏卫视, 有效: 3, IPv4: 5, IPv6: 0, 最小延迟: 2011 ms, 最高速率: 1.22 M/s, 平均速率: 0.92 M/s, 最高分辨率: 1920x1080, 平均帧率: 35.00, 视频编解码器: h264, 音频编解码器: mp2
分类: 📡卫视频道, 名称: 江西卫视, 有效: 4, IPv4: 5, IPv6: 0, 最小延迟: 670 ms, 最高速率: 5.47 M/s, 平均速率: 3.40 M/s, 最高分辨率: 1920x1080, 平均帧率: 31.25, 视频编解码器: h264, 音频编解码器: mp2
分类: 📡卫视频道, 名称: 内蒙古卫视, 有效: 4, IPv4: 5, IPv6: 0, 最小延迟: 458 ms, 最高速率: 5.34 M/s, 平均速率: 4.11 M/s, 最高分辨率: 1920x1080, 平均帧率: 25.00, 视频编解码器: h264, 音频编解码器: aac
分类: 📡卫视频道, 名称: 宁夏卫视, 有效: 5, IPv4: 5, IPv6: 0, 最小延迟: 650 ms, 最高速率: 8.17 M/s, 平均速率: 6.07 M/s, 最高分辨率: 1920x1080, 平均帧率: 25.00, 视频编解码器: h264, 音频编解码器: mp2
分类: 📡卫视频道, 名称: 辽宁卫视, 有效: 4, IPv4: 5, IPv6: 0, 最小延迟: 914 ms, 最高速率: 9.28 M/s, 平均速率: 6.48 M/s, 最高分辨率: 1920x1080, 平均帧率: 25.00, 视频编解码器: h264, 音频编解码器: aac
分类: 📡卫视频道, 名称: 青海卫视, 有效: 4, IPv4: 5, IPv6: 0, 最小延迟: 27 ms, 最高速率: 6.73 M/s, 平均速率: 4.30 M/s, 最高分辨率: 1920x1080, 平均帧率: 26.00, 视频编解码器: h264, 音频编解码器: aac
分类: 📡卫视频道, 名称: 山西卫视, 有效: 5, IPv4: 5, IPv6: 0, 最小延迟: 119 ms, 最高速率: 110.75 M/s, 平均速率: 28.84 M/s, 最高分辨率: 1920x1080, 平均帧率: 25.00, 视频编解码器: h264, 音频编解码器: mp2
分类: 📡卫视频道, 名称: 山东卫视, 有效: 2, IPv4: 5, IPv6: 0, 最小延迟: 822 ms, 最高速率: 5.06 M/s, 平均速率: 2.80 M/s, 最高分辨率: 1920x1080, 平均帧率: 33.33, 视频编解码器: h264, 音频编解码器: mp2
分类: 📡卫视频道, 名称: 陕西卫视, 有效: 4, IPv4: 5, IPv6: 0, 最小延迟: 1565 ms, 最高速率: 6.64 M/s, 平均速率: 3.59 M/s, 最高分辨率: 1920x1080, 平均帧率: 25.00, 视频编解码器: h264, 音频编解码器: aac
分类: 📡卫视频道, 名称: 四川卫视, 有效: 5, IPv4: 5, IPv6: 0, 最小延迟: 450 ms, 最高速率: 6.77 M/s, 平均速率: 4.87 M/s, 最高分辨率: 1920x1080, 平均帧率: 26.00, 视频编解码器: h264, 音频编解码器: aac
分类: 📡卫视频道, 名称: 三沙卫视, 有效: 4, IPv4: 4, IPv6: 0, 最小延迟: 27 ms, 最高速率: 7.44 M/s, 平均速率: 5.47 M/s, 最高分辨率: 1920x1080, 平均帧率: 26.25, 视频编解码器: h264, 音频编解码器: aac
分类: 📡卫视频道, 名称: 深圳卫视, 有效: 3, IPv4: 5, IPv6: 0, 最小延迟: 756 ms, 最高速率: 5.53 M/s, 平均速率: 2.84 M/s, 最高分辨率: 1920x1080, 平均帧率: 33.33, 视频编解码器: h264, 音频编解码器: aac
分类: 📡卫视频道, 名称: 天津卫视, 有效: 3, IPv4: 5, IPv6: 0, 最小延迟: 627 ms, 最高速率: 8.70 M/s, 平均速率: 5.82 M/s, 最高分辨率: 1920x1080, 平均帧率: 25.00, 视频编解码器: h264, 音频编解码器: mp2
分类: 📡卫视频道, 名称: 新疆卫视, 有效: 3, IPv4: 5, IPv6: 0, 最小延迟: 727 ms, 最高速率: 6.68 M/s, 平均速率: 5.56 M/s, 最高分辨率: 1920x1080, 平均帧率: 25.00, 视频编解码器: h264, 音频编解码器: aac
分类: 📡卫视频道, 名称: 西藏卫视, 有效: 4, IPv4: 5, IPv6: 0, 最小延迟: 1465 ms, 最高速率: 5.98 M/s, 平均速率: 4.30 M/s, 最高分辨率: 1920x1080, 平均帧率: 25.00, 视频编解码器: h264, 音频编解码器: mp2
分类: ☘️广东频道, 名称: 广东体育, 有效: 1, IPv4: 1, IPv6: 2, 最小延迟: 573 ms, 最高速率: 28.33 M/s, 平均速率: 2.72 M/s, 最高分辨率: 1280x720, 平均帧率: 25.00, 视频编解码器: h264, 音频编解码器: aac
分类: ☘️广东频道, 名称: 大湾区卫视, 有效: 0, IPv4: 0, IPv6: 1, 最小延迟: -1 ms, 最高速率: 0.00 M/s, 平均速率: 0.00 M/s, 最高分辨率: None, 平均帧率: 未知, 视频编解码器: 未知, 音频编解码器: 未知
分类: ☘️广东频道, 名称: 广东新闻, 有效: 1, IPv4: 1, IPv6: 0, 最小延迟: 943 ms, 最高速率: 3.63 M/s, 平均速率: 3.63 M/s, 最高分辨率: 1280x720, 平均帧率: 25.00, 视频编解码器: h264, 音频编解码器: aac
分类: ☘️广东频道, 名称: 广州综合, 有效: 5, IPv4: 3, IPv6: 2, 最小延迟: 1178 ms, 最高速率: 0.51 M/s, 平均速率: 0.43 M/s, 最高分辨率: 1280x720, 平均帧率: 25.00, 视频编解码器: h264, 音频编解码器: aac
分类: ☘️广东频道, 名称: 广东珠江, 有效: 0, IPv4: 0, IPv6: 3, 最小延迟: 10840 ms, 最高速率: 0.18 M/s, 平均速率: 0.00 M/s, 最高分辨率: 1920x1080, 平均帧率: 25.00, 视频编解码器: h264, 音频编解码器: mp2
分类: 📡卫视频道, 名称: 云南卫视, 有效: 3, IPv4: 5, IPv6: 0, 最小延迟: 811 ms, 最高速率: 5.15 M/s, 平均速率: 3.64 M/s, 最高分辨率: 1920x1080, 平均帧率: 31.25, 视频编解码器: h264, 音频编解码器: aac
分类: ☘️浙江频道, 名称: 浙江钱江, 有效: 2, IPv4: 3, IPv6: 2, 最小延迟: 1295 ms, 最高速率: 6.95 M/s, 平均速率: 3.99 M/s, 最高分辨率: 1920x1080, 平均帧率: 25.00, 视频编解码器: h264, 音频编解码器: aac
分类: ☘️浙江频道, 名称: 浙江钱江都市, 有效: 0, IPv4: 1, IPv6: 2, 最小延迟: 1080 ms, 最高速率: 0.43 M/s, 平均速率: 0.00 M/s, 最高分辨率: 1920x1080, 平均帧率: 25.00, 视频编解码器: h264, 音频编解码器: aac
分类: ☘️浙江频道, 名称: 浙江生活, 有效: 0, IPv4: 0, IPv6: 1, 最小延迟: 793 ms, 最高速率: 0.08 M/s, 平均速率: 0.00 M/s, 最高分辨率: None, 平均帧率: 未知, 视频编解码器: 未知, 音频编解码器: aac
分类: ☘️浙江频道, 名称: 浙江教育, 有效: 2, IPv4: 2, IPv6: 0, 最小延迟: 1065 ms, 最高速率: 0.56 M/s, 平均速率: 0.50 M/s, 最高分辨率: 1920x1080, 平均帧率: 25.00, 视频编解码器: h264, 音频编解码器: aac
分类: ☘️浙江频道, 名称: 浙江经济生活, 有效: 3, IPv4: 3, IPv6: 2, 最小延迟: 64 ms, 最高速率: 31.00 M/s, 平均速率: 10.87 M/s, 最高分辨率: 1920x1080, 平均帧率: 25.00, 视频编解码器: h264, 音频编解码器: aac
分类: ☘️浙江频道, 名称: 浙江民生, 有效: 2, IPv4: 5, IPv6: 0, 最小延迟: 1018 ms, 最高速率: 0.55 M/s, 平均速率: 0.44 M/s, 最高分辨率: 1920x1080, 平均帧率: 25.00, 视频编解码器: h264, 音频编解码器: aac
分类: ☘️浙江频道, 名称: 浙江新闻, 有效: 3, IPv4: 3, IPv6: 2, 最小延迟: 1025 ms, 最高速率: 0.54 M/s, 平均速率: 0.43 M/s, 最高分辨率: 1920x1080, 平均帧率: 25.00, 视频编解码器: h264, 音频编解码器: aac
分类: ☘️浙江频道, 名称: 杭州生活, 有效: 1, IPv4: 1, IPv6: 0, 最小延迟: 31 ms, 最高速率: 6.60 M/s, 平均速率: 6.60 M/s, 最高分辨率: 1280x720, 平均帧率: 30.00, 视频编解码器: h264, 音频编解码器: aac
分类: ☘️浙江频道, 名称: 浙江少儿, 有效: 1, IPv4: 3, IPv6: 2, 最小延迟: 52 ms, 最高速率: 17.77 M/s, 平均速率: 17.77 M/s, 最高分辨率: 1920x1080, 平均帧率: 25.00, 视频编解码器: h264, 音频编解码器: aac
分类: ☘️浙江频道, 名称: 浙江教科, 有效: 1, IPv4: 2, IPv6: 0, 最小延迟: 1023 ms, 最高速率: 0.51 M/s, 平均速率: 0.51 M/s, 最高分辨率: 1920x1080, 平均帧率: 25.00, 视频编解码器: h264, 音频编解码器: aac
分类: ☘️浙江频道, 名称: 杭州综合, 有效: 0, IPv4: 1, IPv6: 0, 最小延迟: 1789 ms, 最高速率: 0.21 M/s, 平均速率: 0.00 M/s, 最高分辨率: 1920x1080, 平均帧率: 25.00, 视频编解码器: h264, 音频编解码器: aac
分类: ☘️浙江频道, 名称: 浙江经济, 有效: 1, IPv4: 3, IPv6: 1, 最小延迟: 1019 ms, 最高速率: 0.48 M/s, 平均速率: 0.48 M/s, 最高分辨率: 1920x1080, 平均帧率: 25.00, 视频编解码器: h264, 音频编解码器: aac
分类: ☘️浙江频道, 名称: 之江纪录, 有效: 2, IPv4: 2, IPv6: 0, 最小延迟: 1243 ms, 最高速率: 0.54 M/s, 平均速率: 0.54 M/s, 最高分辨率: 1920x1080, 平均帧率: 25.00, 视频编解码器: h264, 音频编解码器: aac
分类: ☘️浙江频道, 名称: 浙江国际, 有效: 3, IPv4: 4, IPv6: 1, 最小延迟: 1101 ms, 最高速率: 0.56 M/s, 平均速率: 0.52 M/s, 最高分辨率: 1920x1080, 平均帧率: 25.00, 视频编解码器: h264, 音频编解码器: aac
分类: ☘️浙江频道, 名称: 湖州新闻综合, 有效: 1, IPv4: 1, IPv6: 0, 最小延迟: 1084 ms, 最高速率: 0.26 M/s, 平均速率: 0.26 M/s, 最高分辨率: 1280x720, 平均帧率: 29.97, 视频编解码器: h264, 音频编解码器: aac
分类: ☘️浙江频道, 名称: 湖州文化娱乐, 有效: 0, IPv4: 1, IPv6: 0, 最小延迟: 1245 ms, 最高速率: 0.15 M/s, 平均速率: 0.00 M/s, 最高分辨率: 1280x720, 平均帧率: 29.97, 视频编解码器: h264, 音频编解码器: aac
分类: ☘️浙江频道, 名称: 浙江经视, 有效: 1, IPv4: 1, IPv6: 0, 最小延迟: 1042 ms, 最高速率: 0.47 M/s, 平均速率: 0.47 M/s, 最高分辨率: 1280x720, 平均帧率: 25.00, 视频编解码器: h264, 音频编解码器: aac
分类: ☘️浙江频道, 名称: 浙江留学, 有效: 0, IPv4: 1, IPv6: 0, 最小延迟: 1091 ms, 最高速率: 0.34 M/s, 平均速率: 0.00 M/s, 最高分辨率: 1920x1080, 平均帧率: 25.00, 视频编解码器: h264, 音频编解码器: aac
分类: ☘️浙江频道, 名称: 湖州公共, 有效: 0, IPv4: 1, IPv6: 0, 最小延迟: 1895 ms, 最高速率: 0.18 M/s, 平均速率: 0.00 M/s, 最高分辨率: 1280x720, 平均帧率: 25.00, 视频编解码器: h264, 音频编解码器: aac
分类: ☘️浙江频道, 名称: 嘉兴新闻综合, 有效: 1, IPv4: 1, IPv6: 1, 最小延迟: 1313 ms, 最高速率: 0.51 M/s, 平均速率: 0.51 M/s, 最高分辨率: 1920x1080, 平均帧率: 25.00, 视频编解码器: h264, 音频编解码器: aac
分类: ☘️浙江频道, 名称: 浙江松阳, 有效: 0, IPv4: 1, IPv6: 0, 最小延迟: -1 ms, 最高速率: 0.00 M/s, 平均速率: 0.00 M/s, 最高分辨率: None, 平均帧率: 未知, 视频编解码器: 未知, 音频编解码器: 未知
分类: ☘️浙江频道, 名称: 浙江数码时代, 有效: 1, IPv4: 3, IPv6: 0, 最小延迟: 1096 ms, 最高速率: 0.49 M/s, 平均速率: 0.49 M/s, 最高分辨率: 1920x1080, 平均帧率: 25.00, 视频编解码器: h264, 音频编解码器: aac
分类: ☘️浙江频道, 名称: 浙江教科影院, 有效: 0, IPv4: 1, IPv6: 0, 最小延迟: 1079 ms, 最高速率: 0.46 M/s, 平均速率: 0.00 M/s, 最高分辨率: 1920x1080, 平均帧率: 25.00, 视频编解码器: h264, 音频编解码器: aac
分类: ☘️浙江频道, 名称: 浙江民生休闲, 有效: 3, IPv4: 2, IPv6: 2, 最小延迟: 30 ms, 最高速率: 30.13 M/s, 平均速率: 13.28 M/s, 最高分辨率: 1920x1080, 平均帧率: 26.25, 视频编解码器: h264, 音频编解码器: aac
分类: ☘️浙江频道, 名称: 浙江教科影视, 有效: 2, IPv4: 2, IPv6: 3, 最小延迟: 178 ms, 最高速率: 24.68 M/s, 平均速率: 13.09 M/s, 最高分辨率: 1920x1080, 平均帧率: 25.00, 视频编解码器: h264, 音频编解码器: aac
分类: ☘️浙江频道, 名称: 浙江公共新闻, 有效: 2, IPv4: 3, IPv6: 1, 最小延迟: 83 ms, 最高速率: 24.36 M/s, 平均速率: 12.64 M/s, 最高分辨率: 1920x1080, 平均帧率: 25.00, 视频编解码器: h264, 音频编解码器: aac
分类: ☘️浙江频道, 名称: 浙江龙泉, 有效: 0, IPv4: 1, IPv6: 0, 最小延迟: -1 ms, 最高速率: 0.00 M/s, 平均速率: 0.00 M/s, 最高分辨率: None, 平均帧率: 未知, 视频编解码器: 未知, 音频编解码器: 未知
分类: ☘️浙江频道, 名称: 浙江青田, 有效: 0, IPv4: 1, IPv6: 0, 最小延迟: -1 ms, 最高速率: 0.00 M/s, 平均速率: 0.00 M/s, 最高分辨率: None, 平均帧率: 未知, 视频编解码器: 未知, 音频编解码器: 未知
分类: ☘️浙江频道, 名称: 浙江休闲台, 有效: 1, IPv4: 1, IPv6: 0, 最小延迟: 1112 ms, 最高速率: 0.50 M/s, 平均速率: 0.50 M/s, 最高分辨率: 1280x720, 平均帧率: 25.00, 视频编解码器: h264, 音频编解码器: aac
分类: ☘️浙江频道, 名称: 浙江遂昌, 有效: 0, IPv4: 1, IPv6: 0, 最小延迟: -1 ms, 最高速率: 0.00 M/s, 平均速率: 0.00 M/s, 最高分辨率: None, 平均帧率: 未知, 视频编解码器: 未知, 音频编解码器: 未知
分类: ☘️浙江频道, 名称: 诸暨新闻综合, 有效: 0, IPv4: 4, IPv6: 0, 最小延迟: 1216 ms, 最高速率: 0.15 M/s, 平均速率: 0.00 M/s, 最高分辨率: 1920x1080, 平均帧率: 50.00, 视频编解码器: h264, 音频编解码器: aac
分类: ☘️浙江频道, 名称: 遂昌综合, 有效: 0, IPv4: 1, IPv6: 0, 最小延迟: 1505 ms, 最高速率: 0.34 M/s, 平均速率: 0.00 M/s, 最高分辨率: 1920x1080, 平均帧率: 25.00, 视频编解码器: h264, 音频编解码器: aac
分类: ☘️浙江频道, 名称: 龙游生活娱乐, 有效: 2, IPv4: 3, IPv6: 0, 最小延迟: 1683 ms, 最高速率: 0.47 M/s, 平均速率: 0.34 M/s, 最高分辨率: 1280x720, 平均帧率: 25.00, 视频编解码器: h264, 音频编解码器: aac
分类: ☘️浙江频道, 名称: 龙游新闻综合, 有效: 2, IPv4: 3, IPv6: 0, 最小延迟: 1243 ms, 最高速率: 0.26 M/s, 平均速率: 0.25 M/s, 最高分辨率: 1280x720, 平均帧率: 25.00, 视频编解码器: h264, 音频编解码器: aac
分类: ☘️浙江频道, 名称: 衢江新闻综合, 有效: 0, IPv4: 2, IPv6: 0, 最小延迟: 1003 ms, 最高速率: 0.26 M/s, 平均速率: 0.00 M/s, 最高分辨率: 1920x1080, 平均帧率: 25.00, 视频编解码器: h264, 音频编解码器: aac
分类: ☘️浙江频道, 名称: 象山综合, 有效: 0, IPv4: 3, IPv6: 0, 最小延迟: 1337 ms, 最高速率: 0.39 M/s, 平均速率: 0.00 M/s, 最高分辨率: 1920x1080, 平均帧率: 25.00, 视频编解码器: h264, 音频编解码器: aac
分类: ☘️浙江频道, 名称: 萧山生活, 有效: 4, IPv4: 4, IPv6: 0, 最小延迟: 1097 ms, 最高速率: 0.43 M/s, 平均速率: 0.29 M/s, 最高分辨率: 1280x720, 平均帧率: 25.00, 视频编解码器: h264, 音频编解码器: aac
分类: ☘️浙江频道, 名称: 萧山新闻综合, 有效: 4, IPv4: 5, IPv6: 0, 最小延迟: 1043 ms, 最高速率: 0.48 M/s, 平均速率: 0.32 M/s, 最高分辨率: 1280x720, 平均帧率: 25.00, 视频编解码器: h264, 音频编解码器: aac
分类: ☘️浙江频道, 名称: 苍南新闻综合, 有效: 0, IPv4: 3, IPv6: 0, 最小延迟: 1006 ms, 最高速率: 0.35 M/s, 平均速率: 0.00 M/s, 最高分辨率: 1920x1080, 平均帧率: 25.00, 视频编解码器: h264, 音频编解码器: aac
分类: ☘️浙江频道, 名称: 缙云综合, 有效: 1, IPv4: 2, IPv6: 0, 最小延迟: 1533 ms, 最高速率: 0.35 M/s, 平均速率: 0.35 M/s, 最高分辨率: 1280x720, 平均帧率: 25.00, 视频编解码器: h264, 音频编解码器: aac
分类: ☘️浙江频道, 名称: 缙云新闻综合, 有效: 0, IPv4: 1, IPv6: 0, 最小延迟: 2697 ms, 最高速率: 0.06 M/s, 平均速率: 0.00 M/s, 最高分辨率: 1280x720, 平均帧率: 25.00, 视频编解码器: h264, 音频编解码器: aac
分类: ☘️浙江频道, 名称: 湖州公共民生, 有效: 0, IPv4: 1, IPv6: 0, 最小延迟: 1603 ms, 最高速率: 0.18 M/s, 平均速率: 0.00 M/s, 最高分辨率: 1280x720, 平均帧率: 25.00, 视频编解码器: h264, 音频编解码器: aac
分类: ☘️浙江频道, 名称: 永嘉新闻综合, 有效: 0, IPv4: 2, IPv6: 0, 最小延迟: 1035 ms, 最高速率: 0.28 M/s, 平均速率: 0.00 M/s, 最高分辨率: 1920x1080, 平均帧率: 25.00, 视频编解码器: h264, 音频编解码器: aac
分类: ☘️浙江频道, 名称: 海宁新闻综合, 有效: 1, IPv4: 1, IPv6: 0, 最小延迟: 1051 ms, 最高速率: 0.40 M/s, 平均速率: 0.40 M/s, 最高分辨率: 1280x720, 平均帧率: 25.00, 视频编解码器: h264, 音频编解码器: aac
分类: ☘️浙江频道, 名称: 普陀新闻综合, 有效: 1, IPv4: 1, IPv6: 0, 最小延迟: 1130 ms, 最高速率: 0.31 M/s, 平均速率: 0.31 M/s, 最高分辨率: 1280x720, 平均帧率: 未知, 视频编解码器: h264, 音频编解码器: aac
分类: ☘️浙江频道, 名称: 新昌生活, 有效: 0, IPv4: 1, IPv6: 0, 最小延迟: 2785 ms, 最高速率: 0.07 M/s, 平均速率: 0.00 M/s, 最高分辨率: 1920x1080, 平均帧率: 25.00, 视频编解码器: h264, 音频编解码器: aac
分类: ☘️浙江频道, 名称: 普陀电视台, 有效: 1, IPv4: 1, IPv6: 0, 最小延迟: 1636 ms, 最高速率: 0.29 M/s, 平均速率: 0.29 M/s, 最高分辨率: 1280x720, 平均帧率: 未知, 视频编解码器: h264, 音频编解码器: aac
分类: ☘️浙江频道, 名称: 松阳综合, 有效: 0, IPv4: 1, IPv6: 0, 最小延迟: 2042 ms, 最高速率: 0.14 M/s, 平均速率: 0.00 M/s, 最高分辨率: 1920x1080, 平均帧率: 25.00, 视频编解码器: h264, 音频编解码器: aac
分类: ☘️浙江频道, 名称: 新昌新闻综合, 有效: 0, IPv4: 1, IPv6: 0, 最小延迟: 2697 ms, 最高速率: 0.18 M/s, 平均速率: 0.00 M/s, 最高分辨率: 1920x1080, 平均帧率: 25.00, 视频编解码器: h264, 音频编解码器: aac
分类: ☘️浙江频道, 名称: 文成综合, 有效: 2, IPv4: 2, IPv6: 0, 最小延迟: 1024 ms, 最高速率: 0.31 M/s, 平均速率: 0.27 M/s, 最高分辨率: 1280x720, 平均帧率: 25.00, 视频编解码器: h264, 音频编解码器: aac
分类: ☘️浙江频道, 名称: 数码时代, 有效: 1, IPv4: 1, IPv6: 0, 最小延迟: 1095 ms, 最高速率: 0.52 M/s, 平均速率: 0.52 M/s, 最高分辨率: 1280x720, 平均帧率: 25.00, 视频编解码器: h264, 音频编解码器: aac
分类: ☘️浙江频道, 名称: 文成新闻综合, 有效: 0, IPv4: 1, IPv6: 0, 最小延迟: 1350 ms, 最高速率: 0.12 M/s, 平均速率: 0.00 M/s, 最高分辨率: 1280x720, 平均帧率: 25.00, 视频编解码器: h264, 音频编解码器: aac
分类: ☘️浙江频道, 名称: 开化新闻综合, 有效: 2, IPv4: 2, IPv6: 0, 最小延迟: 1014 ms, 最高速率: 0.29 M/s, 平均速率: 0.27 M/s, 最高分辨率: 1280x720, 平均帧率: 25.00, 视频编解码器: h264, 音频编解码器: aac
分类: ☘️浙江频道, 名称: 开化国家公园, 有效: 3, IPv4: 4, IPv6: 0, 最小延迟: 1068 ms, 最高速率: 0.30 M/s, 平均速率: 0.28 M/s, 最高分辨率: 1280x720, 平均帧率: 25.00, 视频编解码器: h264, 音频编解码器: aac
分类: ☘️浙江频道, 名称: 庆元新闻综合, 有效: 0, IPv4: 1, IPv6: 0, 最小延迟: 1681 ms, 最高速率: 0.21 M/s, 平均速率: 0.00 M/s, 最高分辨率: 1920x1080, 平均帧率: 25.00, 视频编解码器: h264, 音频编解码器: aac
分类: ☘️浙江频道, 名称: 庆元综合, 有效: 0, IPv4: 3, IPv6: 0, 最小延迟: 1039 ms, 最高速率: 0.24 M/s, 平均速率: 0.00 M/s, 最高分辨率: 1920x1080, 平均帧率: 25.00, 视频编解码器: h264, 音频编解码器: aac
分类: ☘️浙江频道, 名称: 平湖民生休闲, 有效: 2, IPv4: 3, IPv6: 0, 最小延迟: 1015 ms, 最高速率: 0.24 M/s, 平均速率: 0.23 M/s, 最高分辨率: 1280x720, 平均帧率: 25.00, 视频编解码器: h264, 音频编解码器: aac
分类: ☘️浙江频道, 名称: 嵊州新闻综合, 有效: 1, IPv4: 1, IPv6: 0, 最小延迟: 1027 ms, 最高速率: 0.22 M/s, 平均速率: 0.22 M/s, 最高分辨率: 1280x720, 平均帧率: 25.00, 视频编解码器: h264, 音频编解码器: aac
分类: ☘️浙江频道, 名称: 平湖新闻综合, 有效: 0, IPv4: 5, IPv6: 0, 最小延迟: 1025 ms, 最高速率: 0.18 M/s, 平均速率: 0.00 M/s, 最高分辨率: 1280x720, 平均帧率: 25.00, 视频编解码器: h264, 音频编解码器: aac
分类: ☘️浙江频道, 名称: 嵊泗综合, 有效: 0, IPv4: 1, IPv6: 0, 最小延迟: 1286 ms, 最高速率: 0.13 M/s, 平均速率: 0.00 M/s, 最高分辨率: 1280x720, 平均帧率: 25.00, 视频编解码器: h264, 音频编解码器: aac
分类: ☘️浙江频道, 名称: 兰溪新闻综合, 有效: 2, IPv4: 3, IPv6: 0, 最小延迟: 1017 ms, 最高速率: 0.26 M/s, 平均速率: 0.24 M/s, 最高分辨率: 1280x720, 平均帧率: 25.00, 视频编解码器: h264, 音频编解码器: aac
分类: ☘️浙江频道, 名称: 余杭未来E, 有效: 0, IPv4: 2, IPv6: 0, 最小延迟: 1035 ms, 最高速率: 0.31 M/s, 平均速率: 0.00 M/s, 最高分辨率: 1920x1080, 平均帧率: 25.00, 视频编解码器: h264, 音频编解码器: aac
分类: ☘️浙江频道, 名称: 余杭综合, 有效: 0, IPv4: 2, IPv6: 0, 最小延迟: 1139 ms, 最高速率: 0.31 M/s, 平均速率: 0.00 M/s, 最高分辨率: 1920x1080, 平均帧率: 25.00, 视频编解码器: h264, 音频编解码器: aac
分类: ☘️浙江频道, 名称: 余姚综合, 有效: 0, IPv4: 3, IPv6: 0, 最小延迟: 1007 ms, 最高速率: 0.38 M/s, 平均速率: 0.00 M/s, 最高分辨率: 1920x1080, 平均帧率: 25.00, 视频编解码器: h264, 音频编解码器: aac
分类: ☘️浙江频道, 名称: 余姚新闻综合, 有效: 0, IPv4: 3, IPv6: 0, 最小延迟: 1809 ms, 最高速率: 0.17 M/s, 平均速率: 0.00 M/s, 最高分辨率: 1920x1080, 平均帧率: 25.00, 视频编解码器: h264, 音频编解码器: aac
分类: ☘️浙江频道, 名称: 云和新闻综合, 有效: 1, IPv4: 2, IPv6: 0, 最小延迟: 1006 ms, 最高速率: 0.23 M/s, 平均速率: 0.23 M/s, 最高分辨率: 1280x720, 平均帧率: 25.00, 视频编解码器: h264, 音频编解码器: aac
分类: ☘️浙江频道, 名称: 中国蓝新闻, 有效: 0, IPv4: 3, IPv6: 0, 最小延迟: 993 ms, 最高速率: 0.36 M/s, 平均速率: 0.00 M/s, 最高分辨率: 1920x1080, 平均帧率: 25.00, 视频编解码器: h264, 音频编解码器: aac
分类: ☘️浙江频道, 名称: 东阳影视生活, 有效: 1, IPv4: 1, IPv6: 0, 最小延迟: 1148 ms, 最高速率: 0.31 M/s, 平均速率: 0.31 M/s, 最高分辨率: 1280x720, 平均帧率: 25.00, 视频编解码器: h264, 音频编解码器: aac
分类: ☘️浙江频道, 名称: 上虞新闻综合, 有效: 0, IPv4: 3, IPv6: 0, 最小延迟: 1056 ms, 最高速率: 0.23 M/s, 平均速率: 0.00 M/s, 最高分辨率: 1920x1080, 平均帧率: 25.00, 视频编解码器: h264, 音频编解码器: aac
分类: ☘️浙江频道, 名称: 上虞新商都, 有效: 0, IPv4: 4, IPv6: 0, 最小延迟: 1013 ms, 最高速率: 0.26 M/s, 平均速率: 0.00 M/s, 最高分辨率: 1920x1080, 平均帧率: 25.00, 视频编解码器: h264, 音频编解码器: aac
分类: ☘️北京频道, 名称: 北京卡酷少儿, 有效: 2, IPv4: 2, IPv6: 0, 最小延迟: 38 ms, 最高速率: 6.78 M/s, 平均速率: 5.77 M/s, 最高分辨率: 1920x1080, 平均帧率: 27.50, 视频编解码器: h264, 音频编解码器: aac
分类: ☘️北京频道, 名称: 北京财经, 有效: 1, IPv4: 1, IPv6: 0, 最小延迟: 32 ms, 最高速率: 6.83 M/s, 平均速率: 6.83 M/s, 最高分辨率: 1280x720, 平均帧率: 30.00, 视频编解码器: h264, 音频编解码器: aac
分类: ☘️上海频道, 名称: 上海教育, 有效: 1, IPv4: 1, IPv6: 0, 最小延迟: 40 ms, 最高速率: 5.00 M/s, 平均速率: 5.00 M/s, 最高分辨率: 1280x720, 平均帧率: 30.00, 视频编解码器: h264, 音频编解码器: aac
分类: ☘️上海频道, 名称: 上海新闻综合, 有效: 1, IPv4: 1, IPv6: 0, 最小延迟: 26 ms, 最高速率: 6.43 M/s, 平均速率: 6.43 M/s, 最高分辨率: 1280x720, 平均帧率: 30.00, 视频编解码器: h264, 音频编解码器: aac
分类: ☘️北京频道, 名称: 北京新闻, 有效: 1, IPv4: 2, IPv6: 1, 最小延迟: 31 ms, 最高速率: 6.48 M/s, 平均速率: 6.48 M/s, 最高分辨率: 1280x720, 平均帧率: 30.00, 视频编解码器: h264, 音频编解码器: aac
分类: ☘️浙江频道, 名称: 上虞文化影院, 有效: 0, IPv4: 3, IPv6: 0, 最小延迟: 1032 ms, 最高速率: 0.24 M/s, 平均速率: 0.00 M/s, 最高分辨率: 1920x1080, 平均帧率: 25.00, 视频编解码器: h264, 音频编解码器: aac
分类: ☘️北京频道, 名称: 北京生活, 有效: 1, IPv4: 2, IPv6: 0, 最小延迟: 29 ms, 最高速率: 7.07 M/s, 平均速率: 7.07 M/s, 最高分辨率: 1280x720, 平均帧率: 30.00, 视频编解码器: h264, 音频编解码器: aac
分类: ☘️上海频道, 名称: 上海第一财经, 有效: 1, IPv4: 2, IPv6: 0, 最小延迟: 37 ms, 最高速率: 6.09 M/s, 平均速率: 6.09 M/s, 最高分辨率: 1280x720, 平均帧率: 30.00, 视频编解码器: h264, 音频编解码器: aac
分类: ☘️上海频道, 名称: 新闻综合, 有效: 1, IPv4: 1, IPv6: 0, 最小延迟: 1748 ms, 最高速率: 0.62 M/s, 平均速率: 0.62 M/s, 最高分辨率: 1920x1080, 平均帧率: 25.00, 视频编解码器: h264, 音频编解码器: aac
分类: ☘️上海频道, 名称: 法治天地, 有效: 2, IPv4: 2, IPv6: 0, 最小延迟: 29 ms, 最高速率: 7.48 M/s, 平均速率: 4.23 M/s, 最高分辨率: 1920x1080, 平均帧率: 40.00, 视频编解码器: h264, 音频编解码器: aac
分类: ☘️江苏频道, 名称: 优漫卡通, 有效: 1, IPv4: 1, IPv6: 0, 最小延迟: 37 ms, 最高速率: 6.72 M/s, 平均速率: 6.72 M/s, 最高分辨率: 1280x720, 平均帧率: 30.00, 视频编解码器: h264, 音频编解码器: aac
分类: ☘️江苏频道, 名称: 南京少儿, 有效: 1, IPv4: 0, IPv6: 1, 最小延迟: 1104 ms, 最高速率: 0.40 M/s, 平均速率: 0.40 M/s, 最高分辨率: 1280x720, 平均帧率: 25.00, 视频编解码器: h264, 音频编解码器: aac
分类: ☘️江苏频道, 名称: 南京教科, 有效: 1, IPv4: 0, IPv6: 1, 最小延迟: 1006 ms, 最高速率: 0.24 M/s, 平均速率: 0.24 M/s, 最高分辨率: 1280x720, 平均帧率: 25.00, 视频编解码器: h264, 音频编解码器: aac
分类: ☘️江苏频道, 名称: 南京新闻综合, 有效: 1, IPv4: 0, IPv6: 1, 最小延迟: 601 ms, 最高速率: 0.62 M/s, 平均速率: 0.62 M/s, 最高分辨率: 1280x720, 平均帧率: 25.00, 视频编解码器: h264, 音频编解码器: aac
分类: ☘️江苏频道, 名称: 南通新闻综合, 有效: 1, IPv4: 1, IPv6: 0, 最小延迟: 27 ms, 最高速率: 6.36 M/s, 平均速率: 6.36 M/s, 最高分辨率: 1280x720, 平均帧率: 30.00, 视频编解码器: h264, 音频编解码器: aac
分类: ☘️上海频道, 名称: 第一财经, 有效: 0, IPv4: 2, IPv6: 1, 最小延迟: 62 ms, 最高速率: 1.50 M/s, 平均速率: 0.00 M/s, 最高分辨率: None, 平均帧率: 未知, 视频编解码器: 未知, 音频编解码器: aac
分类: ☘️江苏频道, 名称: 姜堰新闻综合, 有效: 0, IPv4: 1, IPv6: 0, 最小延迟: -1 ms, 最高速率: 0.00 M/s, 平均速率: 0.00 M/s, 最高分辨率: None, 平均帧率: 未知, 视频编解码器: 未知, 音频编解码器: 未知
分类: ☘️江苏频道, 名称: 如东新闻综合, 有效: 0, IPv4: 0, IPv6: 1, 最小延迟: -1 ms, 最高速率: 0.00 M/s, 平均速率: 0.00 M/s, 最高分辨率: None, 平均帧率: 未知, 视频编解码器: 未知, 音频编解码器: 未知
分类: ☘️江苏频道, 名称: 宜兴紫砂, 有效: 0, IPv4: 1, IPv6: 0, 最小延迟: -1 ms, 最高速率: 0.00 M/s, 平均速率: 0.00 M/s, 最高分辨率: None, 平均帧率: 未知, 视频编解码器: 未知, 音频编解码器: 未知
分类: ☘️江苏频道, 名称: 常熟民生, 有效: 0, IPv4: 1, IPv6: 0, 最小延迟: -1 ms, 最高速率: 0.00 M/s, 平均速率: 0.00 M/s, 最高分辨率: None, 平均帧率: 未知, 视频编解码器: 未知, 音频编解码器: 未知
分类: ☘️江苏频道, 名称: 宜兴新闻, 有效: 1, IPv4: 1, IPv6: 0, 最小延迟: 489 ms, 最高速率: 7.18 M/s, 平均速率: 7.18 M/s, 最高分辨率: 1920x1080, 平均帧率: 25.00, 视频编解码器: h264, 音频编解码器: aac
分类: ☘️上海频道, 名称: 都市剧场, 有效: 1, IPv4: 2, IPv6: 0, 最小延迟: 78 ms, 最高速率: 2.42 M/s, 平均速率: 2.42 M/s, 最高分辨率: 1920x1080, 平均帧率: 25.00, 视频编解码器: h264, 音频编解码器: aac
分类: ☘️江苏频道, 名称: 新沂新闻, 有效: 0, IPv4: 0, IPv6: 1, 最小延迟: 2388 ms, 最高速率: 0.02 M/s, 平均速率: 0.00 M/s, 最高分辨率: 1280x720, 平均帧率: 25.00, 视频编解码器: h264, 音频编解码器: aac
分类: ☘️江苏频道, 名称: 无锡娱乐, 有效: 0, IPv4: 0, IPv6: 4, 最小延迟: -1 ms, 最高速率: 0.00 M/s, 平均速率: 0.00 M/s, 最高分辨率: None, 平均帧率: 未知, 视频编解码器: 未知, 音频编解码器: 未知
分类: ☘️江苏频道, 名称: 新沂生活, 有效: 0, IPv4: 0, IPv6: 1, 最小延迟: 1390 ms, 最高速率: 0.03 M/s, 平均速率: 0.00 M/s, 最高分辨率: 1280x720, 平均帧率: 25.00, 视频编解码器: h264, 音频编解码器: aac
分类: ☘️江苏频道, 名称: 无锡经济, 有效: 0, IPv4: 0, IPv6: 5, 最小延迟: -1 ms, 最高速率: 0.00 M/s, 平均速率: 0.00 M/s, 最高分辨率: None, 平均帧率: 未知, 视频编解码器: 未知, 音频编解码器: 未知
分类: ☘️江苏频道, 名称: 无锡新闻综合, 有效: 0, IPv4: 0, IPv6: 5, 最小延迟: -1 ms, 最高速率: 0.00 M/s, 平均速率: 0.00 M/s, 最高分辨率: None, 平均帧率: 未知, 视频编解码器: 未知, 音频编解码器: 未知
分类: ☘️江苏频道, 名称: 无锡都市资讯, 有效: 0, IPv4: 0, IPv6: 4, 最小延迟: -1 ms, 最高速率: 0.00 M/s, 平均速率: 0.00 M/s, 最高分辨率: None, 平均帧率: 未知, 视频编解码器: 未知, 音频编解码器: 未知
分类: ☘️江苏频道, 名称: 沛县新闻综合, 有效: 0, IPv4: 1, IPv6: 0, 最小延迟: -1 ms, 最高速率: 0.00 M/s, 平均速率: 0.00 M/s, 最高分辨率: None, 平均帧率: 未知, 视频编解码器: 未知, 音频编解码器: 未知
分类: ☘️江苏频道, 名称: 江苏体育, 有效: 0, IPv4: 0, IPv6: 1, 最小延迟: -1 ms, 最高速率: 0.00 M/s, 平均速率: 0.00 M/s, 最高分辨率: None, 平均帧率: 未知, 视频编解码器: 未知, 音频编解码器: 未知
分类: ☘️江苏频道, 名称: 江苏影视, 有效: 0, IPv4: 0, IPv6: 1, 最小延迟: -1 ms, 最高速率: 0.00 M/s, 平均速率: 0.00 M/s, 最高分辨率: None, 平均帧率: 未知, 视频编解码器: 未知, 音频编解码器: 未知
分类: ☘️江苏频道, 名称: 江苏教育, 有效: 1, IPv4: 1, IPv6: 1, 最小延迟: 37 ms, 最高速率: 5.73 M/s, 平均速率: 5.73 M/s, 最高分辨率: 1280x720, 平均帧率: 30.00, 视频编解码器: h264, 音频编解码器: aac
分类: ☘️江苏频道, 名称: 沭阳综合, 有效: 0, IPv4: 0, IPv6: 2, 最小延迟: -1 ms, 最高速率: 0.00 M/s, 平均速率: 0.00 M/s, 最高分辨率: None, 平均帧率: 未知, 视频编解码器: 未知, 音频编解码器: 未知
分类: ☘️江苏频道, 名称: 泗洪新闻综合, 有效: 0, IPv4: 0, IPv6: 1, 最小延迟: -1 ms, 最高速率: 0.00 M/s, 平均速率: 0.00 M/s, 最高分辨率: None, 平均帧率: 未知, 视频编解码器: 未知, 音频编解码器: 未知
分类: ☘️江苏频道, 名称: 泗阳资讯, 有效: 0, IPv4: 2, IPv6: 0, 最小延迟: -1 ms, 最高速率: 0.00 M/s, 平均速率: 0.00 M/s, 最高分辨率: None, 平均帧率: 未知, 视频编解码器: 未知, 音频编解码器: 未知
分类: ☘️江苏频道, 名称: 泗阳综合, 有效: 0, IPv4: 2, IPv6: 0, 最小延迟: 2296 ms, 最高速率: 0.07 M/s, 平均速率: 0.00 M/s, 最高分辨率: 1920x1080, 平均帧率: 25.00, 视频编解码器: h264, 音频编解码器: aac
分类: ☘️江苏频道, 名称: 淮安新闻综合, 有效: 1, IPv4: 1, IPv6: 0, 最小延迟: 59 ms, 最高速率: 4.47 M/s, 平均速率: 4.47 M/s, 最高分辨率: 1280x720, 平均帧率: 30.00, 视频编解码器: h264, 音频编解码器: aac
分类: ☘️江苏频道, 名称: 涟水电视台综合, 有效: 0, IPv4: 0, IPv6: 4, 最小延迟: -1 ms, 最高速率: 0.00 M/s, 平均速率: 0.00 M/s, 最高分辨率: None, 平均帧率: 未知, 视频编解码器: 未知, 音频编解码器: 未知
分类: ☘️江苏频道, 名称: 溧水新闻综合, 有效: 1, IPv4: 1, IPv6: 0, 最小延迟: 36 ms, 最高速率: 5.04 M/s, 平均速率: 5.04 M/s, 最高分辨率: 1280x720, 平均帧率: 30.00, 视频编解码器: h264, 音频编解码器: aac
分类: ☘️江苏频道, 名称: 无锡生活, 有效: 0, IPv4: 0, IPv6: 5, 最小延迟: -1 ms, 最高速率: 0.00 M/s, 平均速率: 0.00 M/s, 最高分辨率: None, 平均帧率: 未知, 视频编解码器: 未知, 音频编解码器: 未知
分类: ☘️江苏频道, 名称: 淮安影院娱乐, 有效: 0, IPv4: 0, IPv6: 2, 最小延迟: -1 ms, 最高速率: 0.00 M/s, 平均速率: 0.00 M/s, 最高分辨率: None, 平均帧率: 未知, 视频编解码器: 未知, 音频编解码器: 未知
分类: ☘️江苏频道, 名称: 苏州新闻综合, 有效: 1, IPv4: 1, IPv6: 0, 最小延迟: 395 ms, 最高速率: 2.85 M/s, 平均速率: 2.85 M/s, 最高分辨率: 1920x1080, 平均帧率: 25.00, 视频编解码器: h264, 音频编解码器: aac
分类: ☘️江苏频道, 名称: 苏州文化生活, 有效: 1, IPv4: 1, IPv6: 0, 最小延迟: 873 ms, 最高速率: 0.40 M/s, 平均速率: 0.40 M/s, 最高分辨率: 1280x720, 平均帧率: 25.00, 视频编解码器: h264, 音频编解码器: aac
分类: ☘️江苏频道, 名称: 苏州生活资讯, 有效: 1, IPv4: 1, IPv6: 0, 最小延迟: 909 ms, 最高速率: 0.46 M/s, 平均速率: 0.46 M/s, 最高分辨率: 1280x720, 平均帧率: 25.00, 视频编解码器: h264, 音频编解码器: aac
分类: ☘️江苏频道, 名称: 连云港新闻综合, 有效: 1, IPv4: 1, IPv6: 0, 最小延迟: 28 ms, 最高速率: 7.70 M/s, 平均速率: 7.70 M/s, 最高分辨率: 1280x720, 平均帧率: 30.00, 视频编解码器: h264, 音频编解码器: aac
分类: ☘️江苏频道, 名称: 苏州电影娱乐, 有效: 1, IPv4: 1, IPv6: 0, 最小延迟: 907 ms, 最高速率: 0.40 M/s, 平均速率: 0.40 M/s, 最高分辨率: 1280x720, 平均帧率: 25.00, 视频编解码器: h264, 音频编解码器: aac
分类: ☘️江苏频道, 名称: 苏州社会经济, 有效: 1, IPv4: 1, IPv6: 0, 最小延迟: 995 ms, 最高速率: 0.78 M/s, 平均速率: 0.78 M/s, 最高分辨率: 1280x720, 平均帧率: 25.00, 视频编解码器: h264, 音频编解码器: aac
分类: ☘️江苏频道, 名称: 淮阴综合, 有效: 0, IPv4: 0, IPv6: 1, 最小延迟: 2415 ms, 最高速率: 0.39 M/s, 平均速率: 0.00 M/s, 最高分辨率: 1920x1080, 平均帧率: 25.00, 视频编解码器: h264, 音频编解码器: aac
分类: ☘️江苏频道, 名称: 滨海新闻综合, 有效: 0, IPv4: 1, IPv6: 0, 最小延迟: 1605 ms, 最高速率: 0.13 M/s, 平均速率: 0.00 M/s, 最高分辨率: 1920x1080, 平均帧率: 25.00, 视频编解码器: h264, 音频编解码器: aac
分类: ☘️江苏频道, 名称: 高邮综合, 有效: 0, IPv4: 1, IPv6: 0, 最小延迟: -1 ms, 最高速率: 0.00 M/s, 平均速率: 0.00 M/s, 最高分辨率: None, 平均帧率: 未知, 视频编解码器: 未知, 音频编解码器: 未知
分类: ☘️江苏频道, 名称: 镇江新闻综合, 有效: 1, IPv4: 3, IPv6: 0, 最小延迟: 2252 ms, 最高速率: 0.85 M/s, 平均速率: 0.85 M/s, 最高分辨率: 1920x1080, 平均帧率: 25.00, 视频编解码器: h264, 音频编解码器: aac
分类: ☘️江苏频道, 名称: 镇江二套社会民生, 有效: 0, IPv4: 1, IPv6: 0, 最小延迟: 3588 ms, 最高速率: 0.31 M/s, 平均速率: 0.00 M/s, 最高分辨率: 1920x1080, 平均帧率: 25.00, 视频编解码器: h264, 音频编解码器: aac
分类: ☘️江苏频道, 名称: 靖江新闻综合, 有效: 0, IPv4: 1, IPv6: 1, 最小延迟: 548 ms, 最高速率: 0.11 M/s, 平均速率: 0.00 M/s, 最高分辨率: 1280x720, 平均帧率: 25.00, 视频编解码器: h264, 音频编解码器: aac
分类: ☘️湖南频道, 名称: 湖南都市, 有效: 1, IPv4: 1, IPv6: 0, 最小延迟: 35 ms, 最高速率: 7.23 M/s, 平均速率: 7.23 M/s, 最高分辨率: 1280x720, 平均帧率: 30.00, 视频编解码器: h264, 音频编解码器: aac
分类: ☘️湖南频道, 名称: 湖南经视, 有效: 1, IPv4: 1, IPv6: 0, 最小延迟: 35 ms, 最高速率: 6.54 M/s, 平均速率: 6.54 M/s, 最高分辨率: 1280x720, 平均帧率: 30.00, 视频编解码器: h264, 音频编解码器: aac
分类: ☘️湖南频道, 名称: 湖南电视剧, 有效: 1, IPv4: 1, IPv6: 0, 最小延迟: 41 ms, 最高速率: 5.43 M/s, 平均速率: 5.43 M/s, 最高分辨率: 1280x720, 平均帧率: 30.00, 视频编解码器: h264, 音频编解码器: aac
分类: ☘️湖南频道, 名称: 湖南娱乐, 有效: 1, IPv4: 1, IPv6: 0, 最小延迟: 42 ms, 最高速率: 5.21 M/s, 平均速率: 5.21 M/s, 最高分辨率: 1280x720, 平均帧率: 30.00, 视频编解码器: h264, 音频编解码器: aac
分类: ☘️湖南频道, 名称: 湖南国际, 有效: 1, IPv4: 1, IPv6: 0, 最小延迟: 35 ms, 最高速率: 7.36 M/s, 平均速率: 7.36 M/s, 最高分辨率: 1280x720, 平均帧率: 30.00, 视频编解码器: h264, 音频编解码器: aac
分类: ☘️湖南频道, 名称: 湖南公共, 有效: 1, IPv4: 1, IPv6: 0, 最小延迟: 32 ms, 最高速率: 6.26 M/s, 平均速率: 6.26 M/s, 最高分辨率: 1280x720, 平均帧率: 30.00, 视频编解码器: h264, 音频编解码器: aac
分类: ☘️辽宁频道, 名称: 辽宁生活, 有效: 0, IPv4: 1, IPv6: 0, 最小延迟: 10095 ms, 最高速率: 0.05 M/s, 平均速率: 0.00 M/s, 最高分辨率: 1920x1080, 平均帧率: 25.00, 视频编解码器: h264, 音频编解码器: aac
分类: ☘️湖南频道, 名称: 金鹰纪实, 有效: 1, IPv4: 1, IPv6: 0, 最小延迟: 27 ms, 最高速率: 7.20 M/s, 平均速率: 7.20 M/s, 最高分辨率: 1280x720, 平均帧率: 30.00, 视频编解码器: h264, 音频编解码器: aac
分类: ☘️辽宁频道, 名称: 辽宁北方, 有效: 0, IPv4: 1, IPv6: 0, 最小延迟: 10532 ms, 最高速率: 0.08 M/s, 平均速率: 0.00 M/s, 最高分辨率: 1920x1080, 平均帧率: 25.00, 视频编解码器: h264, 音频编解码器: aac
分类: ☘️湖南频道, 名称: 长沙新闻, 有效: 1, IPv4: 1, IPv6: 0, 最小延迟: 29 ms, 最高速率: 8.29 M/s, 平均速率: 8.29 M/s, 最高分辨率: 1280x720, 平均帧率: 30.00, 视频编解码器: h264, 音频编解码器: aac
分类: ☘️湖南频道, 名称: 长沙女性, 有效: 1, IPv4: 1, IPv6: 0, 最小延迟: 57 ms, 最高速率: 4.56 M/s, 平均速率: 4.56 M/s, 最高分辨率: 1280x720, 平均帧率: 30.00, 视频编解码器: h264, 音频编解码器: aac
分类: ☘️辽宁频道, 名称: 辽宁经济, 有效: 0, IPv4: 1, IPv6: 0, 最小延迟: 10824 ms, 最高速率: 0.08 M/s, 平均速率: 0.00 M/s, 最高分辨率: 1920x1080, 平均帧率: 25.00, 视频编解码器: h264, 音频编解码器: mp2
分类: ☘️辽宁频道, 名称: 辽宁影视剧, 有效: 0, IPv4: 1, IPv6: 0, 最小延迟: 10161 ms, 最高速率: 0.04 M/s, 平均速率: 0.00 M/s, 最高分辨率: 1920x1080, 平均帧率: 25.00, 视频编解码器: h264, 音频编解码器: aac
分类: ☘️湖北频道, 名称: 荆门新闻综合, 有效: 0, IPv4: 0, IPv6: 2, 最小延迟: -1 ms, 最高速率: 0.00 M/s, 平均速率: 0.00 M/s, 最高分辨率: None, 平均帧率: 未知, 视频编解码器: 未知, 音频编解码器: 未知
分类: ☘️广西频道, 名称: 南宁新闻综合, 有效: 0, IPv4: 2, IPv6: 0, 最小延迟: -1 ms, 最高速率: 0.00 M/s, 平均速率: 0.00 M/s, 最高分辨率: None, 平均帧率: 未知, 视频编解码器: 未知, 音频编解码器: 未知
分类: ☘️广西频道, 名称: 广西新闻, 有效: 1, IPv4: 1, IPv6: 0, 最小延迟: 1358 ms, 最高速率: 1.52 M/s, 平均速率: 1.52 M/s, 最高分辨率: 1920x1080, 平均帧率: 25.00, 视频编解码器: h264, 音频编解码器: aac
分类: ☘️广西频道, 名称: 南宁都市生活, 有效: 1, IPv4: 0, IPv6: 1, 最小延迟: 1409 ms, 最高速率: 0.41 M/s, 平均速率: 0.41 M/s, 最高分辨率: 1280x720, 平均帧率: 25.00, 视频编解码器: h264, 音频编解码器: aac
分类: ☘️广西频道, 名称: 广西国际, 有效: 5, IPv4: 4, IPv6: 1, 最小延迟: 1127 ms, 最高速率: 1.94 M/s, 平均速率: 1.17 M/s, 最高分辨率: 1920x1080, 平均帧率: 25.00, 视频编解码器: h264, 音频编解码器: aac
分类: ☘️广西频道, 名称: 南宁影视娱乐, 有效: 1, IPv4: 1, IPv6: 0, 最小延迟: 1302 ms, 最高速率: 0.51 M/s, 平均速率: 0.51 M/s, 最高分辨率: 1280x720, 平均帧率: 25.00, 视频编解码器: h264, 音频编解码器: aac
分类: ☘️四川频道, 名称: 叙州新闻综合, 有效: 1, IPv4: 1, IPv6: 0, 最小延迟: 410 ms, 最高速率: 4.48 M/s, 平均速率: 4.48 M/s, 最高分辨率: 1920x1080, 平均帧率: 25.00, 视频编解码器: h264, 音频编解码器: aac
分类: ☘️四川频道, 名称: 井研综合, 有效: 1, IPv4: 1, IPv6: 0, 最小延迟: 2623 ms, 最高速率: 0.61 M/s, 平均速率: 0.61 M/s, 最高分辨率: 1920x1080, 平均帧率: 25.00, 视频编解码器: h264, 音频编解码器: aac
分类: ☘️四川频道, 名称: 康巴卫视, 有效: 1, IPv4: 1, IPv6: 0, 最小延迟: 25 ms, 最高速率: 8.31 M/s, 平均速率: 8.31 M/s, 最高分辨率: 1280x720, 平均帧率: 30.00, 视频编解码器: h264, 音频编解码器: aac
分类: ☘️四川频道, 名称: 夹江新闻综合, 有效: 0, IPv4: 1, IPv6: 0, 最小延迟: -1 ms, 最高速率: 0.00 M/s, 平均速率: 0.00 M/s, 最高分辨率: None, 平均帧率: 未知, 视频编解码器: 未知, 音频编解码器: 未知
分类: ☘️四川频道, 名称: 乐至综合, 有效: 1, IPv4: 3, IPv6: 0, 最小延迟: 5601 ms, 最高速率: 0.61 M/s, 平均速率: 0.61 M/s, 最高分辨率: 1920x1080, 平均帧率: 25.00, 视频编解码器: h264, 音频编解码器: aac
分类: ☘️四川频道, 名称: 名山综合, 有效: 0, IPv4: 1, IPv6: 0, 最小延迟: 1976 ms, 最高速率: 0.48 M/s, 平均速率: 0.00 M/s, 最高分辨率: 1920x1080, 平均帧率: 未知, 视频编解码器: h264, 音频编解码器: aac
分类: ☘️四川频道, 名称: 旺苍新闻综合, 有效: 1, IPv4: 0, IPv6: 1, 最小延迟: 3104 ms, 最高速率: 0.61 M/s, 平均速率: 0.61 M/s, 最高分辨率: 1920x1080, 平均帧率: 未知, 视频编解码器: h264, 音频编解码器: aac
分类: ☘️四川频道, 名称: 甘孜综合, 有效: 0, IPv4: 1, IPv6: 0, 最小延迟: -1 ms, 最高速率: 0.00 M/s, 平均速率: 0.00 M/s, 最高分辨率: None, 平均帧率: 未知, 视频编解码器: 未知, 音频编解码器: 未知
分类: ☘️四川频道, 名称: 泸县新闻综合, 有效: 1, IPv4: 0, IPv6: 4, 最小延迟: 1709 ms, 最高速率: 0.32 M/s, 平均速率: 0.32 M/s, 最高分辨率: 1280x720, 平均帧率: 25.00, 视频编解码器: h264, 音频编解码器: aac
分类: ☘️四川频道, 名称: 广元综合, 有效: 0, IPv4: 1, IPv6: 0, 最小延迟: 10065 ms, 最高速率: 0.04 M/s, 平均速率: 0.00 M/s, 最高分辨率: 1280x720, 平均帧率: 25.00, 视频编解码器: h264, 音频编解码器: aac
分类: ☘️四川频道, 名称: 雅安新闻综合, 有效: 0, IPv4: 1, IPv6: 0, 最小延迟: -1 ms, 最高速率: 0.00 M/s, 平均速率: 0.00 M/s, 最高分辨率: None, 平均帧率: 未知, 视频编解码器: 未知, 音频编解码器: 未知
分类: ☘️陕西频道, 名称: 陕西新闻资讯, 有效: 1, IPv4: 1, IPv6: 0, 最小延迟: 25 ms, 最高速率: 8.69 M/s, 平均速率: 8.69 M/s, 最高分辨率: 1280x720, 平均帧率: 30.00, 视频编解码器: h264, 音频编解码器: aac
分类: ☘️四川频道, 名称: 汶川新闻综合, 有效: 0, IPv4: 0, IPv6: 1, 最小延迟: 10231 ms, 最高速率: 0.07 M/s, 平均速率: 0.00 M/s, 最高分辨率: None, 平均帧率: 未知, 视频编解码器: 未知, 音频编解码器: 未知
分类: ☘️四川频道, 名称: 沐川综合, 有效: 0, IPv4: 0, IPv6: 1, 最小延迟: 10298 ms, 最高速率: 0.06 M/s, 平均速率: 0.00 M/s, 最高分辨率: None, 平均帧率: 未知, 视频编解码器: 未知, 音频编解码器: 未知
分类: ☘️福建频道, 名称: 福建新闻, 有效: 0, IPv4: 1, IPv6: 0, 最小延迟: 71 ms, 最高速率: 1.48 M/s, 平均速率: 0.00 M/s, 最高分辨率: None, 平均帧率: 未知, 视频编解码器: 未知, 音频编解码器: aac
分类: ☘️福建频道, 名称: 福州少儿, 有效: 0, IPv4: 0, IPv6: 1, 最小延迟: 2788 ms, 最高速率: 0.20 M/s, 平均速率: 0.00 M/s, 最高分辨率: 1920x1080, 平均帧率: 25.00, 视频编解码器: h264, 音频编解码器: aac
分类: ☘️福建频道, 名称: 福建经济, 有效: 0, IPv4: 1, IPv6: 0, 最小延迟: 59 ms, 最高速率: 1.62 M/s, 平均速率: 0.00 M/s, 最高分辨率: None, 平均帧率: 未知, 视频编解码器: 未知, 音频编解码器: aac
分类: ☘️福建频道, 名称: 福州生活, 有效: 0, IPv4: 0, IPv6: 1, 最小延迟: 1271 ms, 最高速率: 0.27 M/s, 平均速率: 0.00 M/s, 最高分辨率: 1920x1080, 平均帧率: 25.00, 视频编解码器: h264, 音频编解码器: aac
分类: ☘️福建频道, 名称: 福建公共, 有效: 2, IPv4: 2, IPv6: 0, 最小延迟: 81 ms, 最高速率: 128.80 M/s, 平均速率: 128.02 M/s, 最高分辨率: 1920x1080, 平均帧率: 25.00, 视频编解码器: h264, 音频编解码器: aac
分类: ☘️四川频道, 名称: 荥经综合, 有效: 1, IPv4: 1, IPv6: 1, 最小延迟: 2284 ms, 最高速率: 0.28 M/s, 平均速率: 0.28 M/s, 最高分辨率: 1920x1080, 平均帧率: 25.00, 视频编解码器: h264, 音频编解码器: aac
分类: ☘️海南频道, 名称: 海南自贸, 有效: 0, IPv4: 0, IPv6: 1, 最小延迟: -1 ms, 最高速率: 0.00 M/s, 平均速率: 0.00 M/s, 最高分辨率: None, 平均帧率: 未知, 视频编解码器: 未知, 音频编解码器: 未知
分类: ☘️海南频道, 名称: 海南文旅, 有效: 0, IPv4: 0, IPv6: 1, 最小延迟: -1 ms, 最高速率: 0.00 M/s, 平均速率: 0.00 M/s, 最高分辨率: None, 平均帧率: 未知, 视频编解码器: 未知, 音频编解码器: 未知
分类: ☘️海南频道, 名称: 海南少儿, 有效: 0, IPv4: 0, IPv6: 1, 最小延迟: -1 ms, 最高速率: 0.00 M/s, 平均速率: 0.00 M/s, 最高分辨率: None, 平均帧率: 未知, 视频编解码器: 未知, 音频编解码器: 未知
分类: ☘️河南频道, 名称: 梨园, 有效: 1, IPv4: 1, IPv6: 0, 最小延迟: 2100 ms, 最高速率: 0.85 M/s, 平均速率: 0.85 M/s, 最高分辨率: 1920x1080, 平均帧率: 25.00, 视频编解码器: h264, 音频编解码器: aac
分类: ☘️河南频道, 名称: 临颍综合, 有效: 0, IPv4: 1, IPv6: 1, 最小延迟: -1 ms, 最高速率: 0.00 M/s, 平均速率: 0.00 M/s, 最高分辨率: None, 平均帧率: 未知, 视频编解码器: 未知, 音频编解码器: 未知
分类: ☘️河南频道, 名称: 义马新闻综合, 有效: 0, IPv4: 0, IPv6: 2, 最小延迟: -1 ms, 最高速率: 0.00 M/s, 平均速率: 0.00 M/s, 最高分辨率: None, 平均帧率: 未知, 视频编解码器: 未知, 音频编解码器: 未知
分类: ☘️河南频道, 名称: 唐河一套, 有效: 0, IPv4: 0, IPv6: 3, 最小延迟: -1 ms, 最高速率: 0.00 M/s, 平均速率: 0.00 M/s, 最高分辨率: None, 平均帧率: 未知, 视频编解码器: 未知, 音频编解码器: 未知
分类: ☘️河南频道, 名称: 扶沟综合, 有效: 0, IPv4: 0, IPv6: 3, 最小延迟: -1 ms, 最高速率: 0.00 M/s, 平均速率: 0.00 M/s, 最高分辨率: None, 平均帧率: 未知, 视频编解码器: 未知, 音频编解码器: 未知
分类: ☘️河南频道, 名称: 周口扶沟, 有效: 0, IPv4: 1, IPv6: 0, 最小延迟: -1 ms, 最高速率: 0.00 M/s, 平均速率: 0.00 M/s, 最高分辨率: None, 平均帧率: 未知, 视频编解码器: 未知, 音频编解码器: 未知
分类: ☘️河南频道, 名称: 固始综合, 有效: 0, IPv4: 1, IPv6: 2, 最小延迟: -1 ms, 最高速率: 0.00 M/s, 平均速率: 0.00 M/s, 最高分辨率: None, 平均帧率: 未知, 视频编解码器: 未知, 音频编解码器: 未知
分类: ☘️河南频道, 名称: 新县综合, 有效: 0, IPv4: 1, IPv6: 2, 最小延迟: -1 ms, 最高速率: 0.00 M/s, 平均速率: 0.00 M/s, 最高分辨率: None, 平均帧率: 未知, 视频编解码器: 未知, 音频编解码器: 未知
分类: ☘️河南频道, 名称: 渑池新闻综合, 有效: 0, IPv4: 0, IPv6: 2, 最小延迟: -1 ms, 最高速率: 0.00 M/s, 平均速率: 0.00 M/s, 最高分辨率: None, 平均帧率: 未知, 视频编解码器: 未知, 音频编解码器: 未知
分类: ☘️河南频道, 名称: 新蔡综合, 有效: 0, IPv4: 1, IPv6: 3, 最小延迟: -1 ms, 最高速率: 0.00 M/s, 平均速率: 0.00 M/s, 最高分辨率: None, 平均帧率: 未知, 视频编解码器: 未知, 音频编解码器: 未知
分类: ☘️福建频道, 名称: 福建旅游, 有效: 0, IPv4: 4, IPv6: 0, 最小延迟: 10259 ms, 最高速率: 0.45 M/s, 平均速率: 0.00 M/s, 最高分辨率: 1920x1080, 平均帧率: 25.00, 视频编解码器: h264, 音频编解码器: aac
分类: ☘️河南频道, 名称: 郸城新闻综合, 有效: 0, IPv4: 0, IPv6: 2, 最小延迟: -1 ms, 最高速率: 0.00 M/s, 平均速率: 0.00 M/s, 最高分辨率: None, 平均帧率: 未知, 视频编解码器: 未知, 音频编解码器: 未知
分类: ☘️河南频道, 名称: 淅川电视, 有效: 0, IPv4: 1, IPv6: 0, 最小延迟: -1 ms, 最高速率: 0.00 M/s, 平均速率: 0.00 M/s, 最高分辨率: None, 平均帧率: 未知, 视频编解码器: 未知, 音频编解码器: 未知
分类: ☘️河南频道, 名称: 荥阳综合, 有效: 0, IPv4: 0, IPv6: 3, 最小延迟: -1 ms, 最高速率: 0.00 M/s, 平均速率: 0.00 M/s, 最高分辨率: None, 平均帧率: 未知, 视频编解码器: 未知, 音频编解码器: 未知
分类: ☘️河南频道, 名称: 灵宝新闻综合, 有效: 0, IPv4: 0, IPv6: 1, 最小延迟: -1 ms, 最高速率: 0.00 M/s, 平均速率: 0.00 M/s, 最高分辨率: None, 平均帧率: 未知, 视频编解码器: 未知, 音频编解码器: 未知
分类: ☘️河南频道, 名称: 潢川综合, 有效: 0, IPv4: 1, IPv6: 2, 最小延迟: -1 ms, 最高速率: 0.00 M/s, 平均速率: 0.00 M/s, 最高分辨率: None, 平均帧率: 未知, 视频编解码器: 未知, 音频编解码器: 未知
分类: ☘️河南频道, 名称: 禹州综合, 有效: 0, IPv4: 1, IPv6: 1, 最小延迟: -1 ms, 最高速率: 0.00 M/s, 平均速率: 0.00 M/s, 最高分辨率: None, 平均帧率: 未知, 视频编解码器: 未知, 音频编解码器: 未知
分类: ☘️河南频道, 名称: 西华综合, 有效: 0, IPv4: 1, IPv6: 3, 最小延迟: -1 ms, 最高速率: 0.00 M/s, 平均速率: 0.00 M/s, 最高分辨率: None, 平均帧率: 未知, 视频编解码器: 未知, 音频编解码器: 未知
分类: ☘️河南频道, 名称: 项城新闻, 有效: 0, IPv4: 1, IPv6: 1, 最小延迟: -1 ms, 最高速率: 0.00 M/s, 平均速率: 0.00 M/s, 最高分辨率: None, 平均帧率: 未知, 视频编解码器: 未知, 音频编解码器: 未知
分类: ☘️河南频道, 名称: 沁阳新闻综合, 有效: 0, IPv4: 0, IPv6: 1, 最小延迟: -1 ms, 最高速率: 0.00 M/s, 平均速率: 0.00 M/s, 最高分辨率: None, 平均帧率: 未知, 视频编解码器: 未知, 音频编解码器: 未知
分类: ☘️河南频道, 名称: 永城综合, 有效: 0, IPv4: 0, IPv6: 1, 最小延迟: -1 ms, 最高速率: 0.00 M/s, 平均速率: 0.00 M/s, 最高分辨率: None, 平均帧率: 未知, 视频编解码器: 未知, 音频编解码器: 未知
分类: ☘️河南频道, 名称: 方城一套, 有效: 0, IPv4: 0, IPv6: 2, 最小延迟: -1 ms, 最高速率: 0.00 M/s, 平均速率: 0.00 M/s, 最高分辨率: None, 平均帧率: 未知, 视频编解码器: 未知, 音频编解码器: 未知
分类: ☘️河南频道, 名称: 开封新闻综合, 有效: 0, IPv4: 0, IPv6: 1, 最小延迟: -1 ms, 最高速率: 0.00 M/s, 平均速率: 0.00 M/s, 最高分辨率: None, 平均帧率: 未知, 视频编解码器: 未知, 音频编解码器: 未知
分类: ☘️河南频道, 名称: 周口新闻综合, 有效: 0, IPv4: 0, IPv6: 1, 最小延迟: -1 ms, 最高速率: 0.00 M/s, 平均速率: 0.00 M/s, 最高分辨率: None, 平均帧率: 未知, 视频编解码器: 未知, 音频编解码器: 未知
分类: ☘️河南频道, 名称: 河南都市, 有效: 2, IPv4: 1, IPv6: 1, 最小延迟: 134 ms, 最高速率: 3.83 M/s, 平均速率: 3.73 M/s, 最高分辨率: 1920x1080, 平均帧率: 25.00, 视频编解码器: h264, 音频编解码器: aac
分类: ☘️河南频道, 名称: 新野综合, 有效: 0, IPv4: 1, IPv6: 3, 最小延迟: -1 ms, 最高速率: 0.00 M/s, 平均速率: 0.00 M/s, 最高分辨率: None, 平均帧率: 未知, 视频编解码器: 未知, 音频编解码器: 未知
分类: ☘️河南频道, 名称: 河南民生, 有效: 3, IPv4: 2, IPv6: 2, 最小延迟: 27 ms, 最高速率: 7.99 M/s, 平均速率: 4.25 M/s, 最高分辨率: 1920x1080, 平均帧率: 26.67, 视频编解码器: h264, 音频编解码器: aac
分类: ☘️河北频道, 名称: 邯郸科技教育, 有效: 0, IPv4: 0, IPv6: 1, 最小延迟: 1507 ms, 最高速率: 0.47 M/s, 平均速率: 0.00 M/s, 最高分辨率: 1920x1080, 平均帧率: 25.00, 视频编解码器: h264, 音频编解码器: aac
分类: ☘️河北频道, 名称: 邯郸新闻, 有效: 0, IPv4: 0, IPv6: 1, 最小延迟: 1115 ms, 最高速率: 0.29 M/s, 平均速率: 0.00 M/s, 最高分辨率: 1920x1080, 平均帧率: 25.00, 视频编解码器: h264, 音频编解码器: aac
分类: ☘️河北频道, 名称: 邯郸公共, 有效: 0, IPv4: 0, IPv6: 1, 最小延迟: 1609 ms, 最高速率: 0.35 M/s, 平均速率: 0.00 M/s, 最高分辨率: 1920x1080, 平均帧率: 25.00, 视频编解码器: h264, 音频编解码器: aac
分类: ☘️河北频道, 名称: 邢台综合, 有效: 2, IPv4: 0, IPv6: 2, 最小延迟: 1709 ms, 最高速率: 1.16 M/s, 平均速率: 0.83 M/s, 最高分辨率: 1280x720, 平均帧率: 25.00, 视频编解码器: h264, 音频编解码器: aac
分类: ☘️河北频道, 名称: 滦平新闻, 有效: 1, IPv4: 0, IPv6: 1, 最小延迟: 1995 ms, 最高速率: 0.94 M/s, 平均速率: 0.94 M/s, 最高分辨率: 1920x1080, 平均帧率: 25.00, 视频编解码器: hevc, 音频编解码器: aac
分类: ☘️河北频道, 名称: 衡水公共, 有效: 0, IPv4: 0, IPv6: 1, 最小延迟: 1369 ms, 最高速率: 0.06 M/s, 平均速率: 0.00 M/s, 最高分辨率: None, 平均帧率: 未知, 视频编解码器: 未知, 音频编解码器: aac
分类: ☘️河北频道, 名称: 昌黎综合, 有效: 1, IPv4: 0, IPv6: 1, 最小延迟: 1521 ms, 最高速率: 0.48 M/s, 平均速率: 0.48 M/s, 最高分辨率: 1280x720, 平均帧率: 30.00, 视频编解码器: h264, 音频编解码器: aac
分类: ☘️河北频道, 名称: 任丘综合, 有效: 0, IPv4: 0, IPv6: 1, 最小延迟: 1610 ms, 最高速率: 0.44 M/s, 平均速率: 0.00 M/s, 最高分辨率: 1920x1080, 平均帧率: 50.00, 视频编解码器: h264, 音频编解码器: aac
分类: ☘️河北频道, 名称: 河北都市, 有效: 1, IPv4: 2, IPv6: 0, 最小延迟: 799 ms, 最高速率: 0.65 M/s, 平均速率: 0.65 M/s, 最高分辨率: 1920x1080, 平均帧率: 37.50, 视频编解码器: h264, 音频编解码器: aac
分类: ☘️河北频道, 名称: 兴隆综合, 有效: 0, IPv4: 0, IPv6: 1, 最小延迟: 1573 ms, 最高速率: 0.46 M/s, 平均速率: 0.00 M/s, 最高分辨率: 1920x1080, 平均帧率: 30.00, 视频编解码器: h264, 音频编解码器: aac
分类: ☘️河北频道, 名称: 河北农民, 有效: 2, IPv4: 2, IPv6: 1, 最小延迟: 675 ms, 最高速率: 0.92 M/s, 平均速率: 0.65 M/s, 最高分辨率: 1920x1080, 平均帧率: 35.00, 视频编解码器: h264, 音频编解码器: aac
分类: ☘️甘肃频道, 名称: 甘肃经济, 有效: 0, IPv4: 1, IPv6: 0, 最小延迟: 95 ms, 最高速率: 1.08 M/s, 平均速率: 0.00 M/s, 最高分辨率: None, 平均帧率: 未知, 视频编解码器: 未知, 音频编解码器: aac
分类: ☘️河北频道, 名称: 平泉综合, 有效: 1, IPv4: 0, IPv6: 1, 最小延迟: 1626 ms, 最高速率: 0.40 M/s, 平均速率: 0.40 M/s, 最高分辨率: 1280x720, 平均帧率: 25.00, 视频编解码器: h264, 音频编解码器: aac
分类: ☘️河北频道, 名称: 清河经济综艺, 有效: 0, IPv4: 0, IPv6: 1, 最小延迟: 1899 ms, 最高速率: 0.43 M/s, 平均速率: 0.00 M/s, 最高分辨率: 1920x1080, 平均帧率: 25.00, 视频编解码器: h264, 音频编解码器: aac
分类: ☘️甘肃频道, 名称: 甘肃都市, 有效: 0, IPv4: 1, IPv6: 0, 最小延迟: 94 ms, 最高速率: 1.15 M/s, 平均速率: 0.00 M/s, 最高分辨率: None, 平均帧率: 未知, 视频编解码器: 未知, 音频编解码器: aac
分类: ☘️甘肃频道, 名称: 渭源新闻, 有效: 1, IPv4: 1, IPv6: 0, 最小延迟: 1930 ms, 最高速率: 1.03 M/s, 平均速率: 1.03 M/s, 最高分辨率: 1920x1080, 平均帧率: 30.00, 视频编解码器: h264, 音频编解码器: aac
分类: ☘️甘肃频道, 名称: 嘉峪关综合, 有效: 1, IPv4: 1, IPv6: 0, 最小延迟: 1308 ms, 最高速率: 1.35 M/s, 平均速率: 1.35 M/s, 最高分辨率: 1920x1080, 平均帧率: 30.00, 视频编解码器: h264, 音频编解码器: aac
分类: ☘️甘肃频道, 名称: 永昌综合, 有效: 1, IPv4: 1, IPv6: 0, 最小延迟: 1956 ms, 最高速率: 0.62 M/s, 平均速率: 0.62 M/s, 最高分辨率: 1920x1080, 平均帧率: 25.00, 视频编解码器: h264, 音频编解码器: aac
分类: ☘️甘肃频道, 名称: 张掖新闻综合, 有效: 1, IPv4: 1, IPv6: 0, 最小延迟: 1837 ms, 最高速率: 0.85 M/s, 平均速率: 0.85 M/s, 最高分辨率: 1920x1080, 平均帧率: 30.00, 视频编解码器: h264, 音频编解码器: aac
分类: ☘️甘肃频道, 名称: 白银综合, 有效: 2, IPv4: 2, IPv6: 0, 最小延迟: 2181 ms, 最高速率: 0.86 M/s, 平均速率: 0.80 M/s, 最高分辨率: 1920x1080, 平均帧率: 30.00, 视频编解码器: h264, 音频编解码器: aac
分类: ☘️新疆频道, 名称: 哈密三套, 有效: 0, IPv4: 1, IPv6: 0, 最小延迟: -1 ms, 最高速率: 0.00 M/s, 平均速率: 0.00 M/s, 最高分辨率: None, 平均帧率: 未知, 视频编解码器: 未知, 音频编解码器: 未知
分类: ☘️新疆频道, 名称: 哈密二套, 有效: 1, IPv4: 1, IPv6: 0, 最小延迟: 161 ms, 最高速率: 4.44 M/s, 平均速率: 4.44 M/s, 最高分辨率: 1920x1080, 平均帧率: 25.00, 视频编解码器: h264, 音频编解码器: aac
分类: ☘️甘肃频道, 名称: 西峰综合, 有效: 1, IPv4: 1, IPv6: 0, 最小延迟: 1752 ms, 最高速率: 0.85 M/s, 平均速率: 0.85 M/s, 最高分辨率: 1280x720, 平均帧率: 30.00, 视频编解码器: h264, 音频编解码器: aac
分类: ☘️甘肃频道, 名称: 秦安综合, 有效: 1, IPv4: 1, IPv6: 0, 最小延迟: 2150 ms, 最高速率: 0.80 M/s, 平均速率: 0.80 M/s, 最高分辨率: 1920x1080, 平均帧率: 30.00, 视频编解码器: h264, 音频编解码器: aac
分类: ☘️新疆频道, 名称: 伊犁维吾尔, 有效: 2, IPv4: 2, IPv6: 0, 最小延迟: 5222 ms, 最高速率: 1.26 M/s, 平均速率: 1.01 M/s, 最高分辨率: 1920x1080, 平均帧率: 25.00, 视频编解码器: h264, 音频编解码器: aac
分类: ☘️新疆频道, 名称: 兵团八师石河子新闻综合, 有效: 0, IPv4: 1, IPv6: 0, 最小延迟: -1 ms, 最高速率: 0.00 M/s, 平均速率: 0.00 M/s, 最高分辨率: None, 平均帧率: 未知, 视频编解码器: 未知, 音频编解码器: 未知
分类: ☘️新疆频道, 名称: 奎屯哈萨克语, 有效: 0, IPv4: 1, IPv6: 0, 最小延迟: 2941 ms, 最高速率: 0.06 M/s, 平均速率: 0.00 M/s, 最高分辨率: None, 平均帧率: 未知, 视频编解码器: h264, 音频编解码器: aac
分类: ☘️新疆频道, 名称: 可克达拉综合, 有效: 0, IPv4: 1, IPv6: 0, 最小延迟: -1 ms, 最高速率: 0.00 M/s, 平均速率: 0.00 M/s, 最高分辨率: None, 平均帧率: 未知, 视频编解码器: 未知, 音频编解码器: 未知
分类: ☘️新疆频道, 名称: 伊犁哈萨克, 有效: 2, IPv4: 2, IPv6: 0, 最小延迟: 5289 ms, 最高速率: 1.01 M/s, 平均速率: 0.81 M/s, 最高分辨率: 1920x1080, 平均帧率: 25.00, 视频编解码器: h264, 音频编解码器: aac
分类: ☘️新疆频道, 名称: 伊犁经济法制, 有效: 2, IPv4: 2, IPv6: 0, 最小延迟: 4188 ms, 最高速率: 1.05 M/s, 平均速率: 1.04 M/s, 最高分辨率: 1920x1080, 平均帧率: 25.00, 视频编解码器: h264, 音频编解码器: aac
分类: ☘️新疆频道, 名称: 玛纳斯综合, 有效: 0, IPv4: 1, IPv6: 0, 最小延迟: 4665 ms, 最高速率: 0.14 M/s, 平均速率: 0.00 M/s, 最高分辨率: 1920x1080, 平均帧率: 25.00, 视频编解码器: h264, 音频编解码器: aac
分类: ☘️山东频道, 名称: 烟台公共, 有效: 0, IPv4: 1, IPv6: 0, 最小延迟: -1 ms, 最高速率: 0.00 M/s, 平均速率: 0.00 M/s, 最高分辨率: None, 平均帧率: 未知, 视频编解码器: 未知, 音频编解码器: 未知
分类: ☘️山东频道, 名称: 烟台新闻综合, 有效: 0, IPv4: 1, IPv6: 0, 最小延迟: -1 ms, 最高速率: 0.00 M/s, 平均速率: 0.00 M/s, 最高分辨率: None, 平均帧率: 未知, 视频编解码器: 未知, 音频编解码器: 未知
分类: ☘️山西频道, 名称: 山西影视, 有效: 1, IPv4: 1, IPv6: 0, 最小延迟: 25 ms, 最高速率: 8.63 M/s, 平均速率: 8.63 M/s, 最高分辨率: 1280x720, 平均帧率: 30.00, 视频编解码器: h264, 音频编解码器: aac
分类: ☘️山东频道, 名称: 山东生活, 有效: 0, IPv4: 0, IPv6: 1, 最小延迟: 724 ms, 最高速率: 0.09 M/s, 平均速率: 0.00 M/s, 最高分辨率: None, 平均帧率: 未知, 视频编解码器: 未知, 音频编解码器: aac
分类: ☘️山西频道, 名称: 山西文体生活, 有效: 1, IPv4: 1, IPv6: 0, 最小延迟: 24 ms, 最高速率: 8.50 M/s, 平均速率: 8.50 M/s, 最高分辨率: 1280x720, 平均帧率: 30.00, 视频编解码器: h264, 音频编解码器: aac
分类: ☘️山西频道, 名称: 山西社会与法治, 有效: 1, IPv4: 1, IPv6: 0, 最小延迟: 46 ms, 最高速率: 5.87 M/s, 平均速率: 5.87 M/s, 最高分辨率: 1280x720, 平均帧率: 30.00, 视频编解码器: h264, 音频编解码器: aac
分类: ☘️山东频道, 名称: 山东教育, 有效: 2, IPv4: 2, IPv6: 0, 最小延迟: 28 ms, 最高速率: 7.91 M/s, 平均速率: 4.12 M/s, 最高分辨率: 1280x720, 平均帧率: 27.50, 视频编解码器: h264, 音频编解码器: aac
分类: ☘️山东频道, 名称: 烟台经济科技, 有效: 0, IPv4: 1, IPv6: 0, 最小延迟: -1 ms, 最高速率: 0.00 M/s, 平均速率: 0.00 M/s, 最高分辨率: None, 平均帧率: 未知, 视频编解码器: 未知, 音频编解码器: 未知
分类: ☘️山西频道, 名称: 山西经济, 有效: 1, IPv4: 1, IPv6: 0, 最小延迟: 28 ms, 最高速率: 7.01 M/s, 平均速率: 7.01 M/s, 最高分辨率: 1280x720, 平均帧率: 30.00, 视频编解码器: h264, 音频编解码器: aac
分类: ☘️安徽频道, 名称: 安徽导视, 有效: 0, IPv4: 1, IPv6: 0, 最小延迟: 1131 ms, 最高速率: 0.39 M/s, 平均速率: 0.00 M/s, 最高分辨率: 1920x1080, 平均帧率: 30.00, 视频编解码器: h264, 音频编解码器: aac
分类: ☘️山西频道, 名称: 怀仁综合, 有效: 0, IPv4: 1, IPv6: 0, 最小延迟: 1752 ms, 最高速率: 0.33 M/s, 平均速率: 0.00 M/s, 最高分辨率: 1920x1080, 平均帧率: 25.00, 视频编解码器: h264, 音频编解码器: aac
分类: ☘️山西频道, 名称: 定襄综合, 有效: 0, IPv4: 1, IPv6: 0, 最小延迟: 3212 ms, 最高速率: 0.19 M/s, 平均速率: 0.00 M/s, 最高分辨率: 1280x720, 平均帧率: 30.00, 视频编解码器: h264, 音频编解码器: aac
分类: ☘️安徽频道, 名称: 固镇新闻, 有效: 0, IPv4: 2, IPv6: 0, 最小延迟: 1796 ms, 最高速率: 0.37 M/s, 平均速率: 0.00 M/s, 最高分辨率: 1920x1080, 平均帧率: 25.00, 视频编解码器: h264, 音频编解码器: aac
分类: ☘️安徽频道, 名称: 祁门综合, 有效: 1, IPv4: 0, IPv6: 1, 最小延迟: 154 ms, 最高速率: 3.60 M/s, 平均速率: 3.60 M/s, 最高分辨率: 1920x1080, 平均帧率: 25.00, 视频编解码器: h264, 音频编解码器: aac
分类: ☘️安徽频道, 名称: 广德生活, 有效: 0, IPv4: 1, IPv6: 0, 最小延迟: -1 ms, 最高速率: 0.00 M/s, 平均速率: 0.00 M/s, 最高分辨率: None, 平均帧率: 未知, 视频编解码器: 未知, 音频编解码器: 未知
分类: ☘️山西频道, 名称: 武乡新闻综合, 有效: 1, IPv4: 1, IPv6: 0, 最小延迟: 1821 ms, 最高速率: 0.48 M/s, 平均速率: 0.48 M/s, 最高分辨率: 1280x720, 平均帧率: 30.00, 视频编解码器: h264, 音频编解码器: aac
分类: ☘️安徽频道, 名称: 宿州新闻综合, 有效: 0, IPv4: 0, IPv6: 1, 最小延迟: 2442 ms, 最高速率: 0.20 M/s, 平均速率: 0.00 M/s, 最高分辨率: 1920x1080, 平均帧率: 25.00, 视频编解码器: h264, 音频编解码器: aac
分类: ☘️安徽频道, 名称: 亳州农村, 有效: 2, IPv4: 0, IPv6: 2, 最小延迟: 148 ms, 最高速率: 3.94 M/s, 平均速率: 3.68 M/s, 最高分辨率: 1920x1080, 平均帧率: 25.00, 视频编解码器: h264, 音频编解码器: aac
分类: ☘️安徽频道, 名称: 安徽综艺体育, 有效: 0, IPv4: 1, IPv6: 0, 最小延迟: 10603 ms, 最高速率: 0.07 M/s, 平均速率: 0.00 M/s, 最高分辨率: None, 平均帧率: 未知, 视频编解码器: 未知, 音频编解码器: 未知
分类: ☘️安徽频道, 名称: 六安新闻综合, 有效: 0, IPv4: 0, IPv6: 1, 最小延迟: 10187 ms, 最高速率: 0.02 M/s, 平均速率: 0.00 M/s, 最高分辨率: None, 平均帧率: 未知, 视频编解码器: 未知, 音频编解码器: aac
分类: ☘️吉林频道, 名称: 吉林生活, 有效: 0, IPv4: 1, IPv6: 0, 最小延迟: -1 ms, 最高速率: 0.00 M/s, 平均速率: 0.00 M/s, 最高分辨率: None, 平均帧率: 未知, 视频编解码器: 未知, 音频编解码器: 未知
分类: ☘️吉林频道, 名称: 吉林都市, 有效: 0, IPv4: 1, IPv6: 0, 最小延迟: -1 ms, 最高速率: 0.00 M/s, 平均速率: 0.00 M/s, 最高分辨率: None, 平均帧率: 未知, 视频编解码器: 未知, 音频编解码器: 未知
分类: ☘️宁夏频道, 名称: 宁夏经济, 有效: 0, IPv4: 0, IPv6: 1, 最小延迟: 1343 ms, 最高速率: 0.08 M/s, 平均速率: 0.00 M/s, 最高分辨率: None, 平均帧率: 未知, 视频编解码器: 未知, 音频编解码器: 未知
分类: ☘️内蒙古频道, 名称: 内蒙古文体娱乐, 有效: 1, IPv4: 1, IPv6: 0, 最小延迟: 39 ms, 最高速率: 6.33 M/s, 平均速率: 6.33 M/s, 最高分辨率: 1280x720, 平均帧率: 30.00, 视频编解码器: h264, 音频编解码器: aac
分类: ☘️吉林频道, 名称: 延边卫视, 有效: 2, IPv4: 5, IPv6: 0, 最小延迟: 71 ms, 最高速率: 3.26 M/s, 平均速率: 2.33 M/s, 最高分辨率: 1920x1080, 平均帧率: 26.67, 视频编解码器: h264, 音频编解码器: aac
分类: ☘️云南频道, 名称: 云南都市, 有效: 0, IPv4: 1, IPv6: 0, 最小延迟: -1 ms, 最高速率: 0.00 M/s, 平均速率: 0.00 M/s, 最高分辨率: None, 平均帧率: 未知, 视频编解码器: 未知, 音频编解码器: 未知
分类: ☘️吉林频道, 名称: 吉林乡村, 有效: 0, IPv4: 2, IPv6: 0, 最小延迟: 96 ms, 最高速率: 1.08 M/s, 平均速率: 0.00 M/s, 最高分辨率: None, 平均帧率: 未知, 视频编解码器: 未知, 音频编解码器: aac
分类: ☘️云南频道, 名称: 易门综合, 有效: 0, IPv4: 1, IPv6: 0, 最小延迟: 2188 ms, 最高速率: 0.39 M/s, 平均速率: 0.00 M/s, 最高分辨率: 1920x1080, 平均帧率: 30.00, 视频编解码器: h264, 音频编解码器: aac
分类: ☘️云南频道, 名称: 通海电视台, 有效: 1, IPv4: 1, IPv6: 0, 最小延迟: 2245 ms, 最高速率: 0.71 M/s, 平均速率: 0.71 M/s, 最高分辨率: 1920x1080, 平均帧率: 25.00, 视频编解码器: h264, 音频编解码器: aac
分类: ☘️青海频道, 名称: 西宁新闻综合, 有效: 0, IPv4: 0, IPv6: 1, 最小延迟: 4472 ms, 最高速率: 0.16 M/s, 平均速率: 0.00 M/s, 最高分辨率: 1920x1080, 平均帧率: 25.00, 视频编解码器: h264, 音频编解码器: aac
分类: ☘️黑龙江频道, 名称: 七台河新闻综合, 有效: 1, IPv4: 1, IPv6: 0, 最小延迟: 2457 ms, 最高速率: 0.38 M/s, 平均速率: 0.38 M/s, 最高分辨率: 1280x720, 平均帧率: 30.00, 视频编解码器: h264, 音频编解码器: aac
分类: ☘️青海频道, 名称: 安多卫视, 有效: 0, IPv4: 0, IPv6: 1, 最小延迟: 9426 ms, 最高速率: 0.09 M/s, 平均速率: 0.00 M/s, 最高分辨率: 1920x1080, 平均帧率: 25.00, 视频编解码器: h264, 音频编解码器: aac
分类: ☘️黑龙江频道, 名称: 双鸭山综合, 有效: 1, IPv4: 1, IPv6: 0, 最小延迟: 2281 ms, 最高速率: 0.41 M/s, 平均速率: 0.41 M/s, 最高分辨率: 1280x720, 平均帧率: 30.00, 视频编解码器: h264, 音频编解码器: aac
分类: ☘️黑龙江频道, 名称: 黑龙江少儿, 有效: 0, IPv4: 0, IPv6: 1, 最小延迟: 10249 ms, 最高速率: 0.02 M/s, 平均速率: 0.00 M/s, 最高分辨率: None, 平均帧率: 未知, 视频编解码器: h264, 音频编解码器: aac
分类: ☘️黑龙江频道, 名称: 黑龙江新闻, 有效: 0, IPv4: 0, IPv6: 1, 最小延迟: 1005 ms, 最高速率: 0.08 M/s, 平均速率: 0.00 M/s, 最高分辨率: None, 平均帧率: 未知, 视频编解码器: 未知, 音频编解码器: 未知
分类: 🌊港·澳·台, 名称: 明珠台, 有效: 4, IPv4: 0, IPv6: 4, 最小延迟: 34 ms, 最高速率: 110.36 M/s, 平均速率: 43.15 M/s, 最高分辨率: 1920x1080, 平均帧率: 37.50, 视频编解码器: h264, 音频编解码器: aac
分类: 🌊港·澳·台, 名称: 凤凰香港, 有效: 0, IPv4: 0, IPv6: 2, 最小延迟: 38 ms, 最高速率: 131.37 M/s, 平均速率: 0.00 M/s, 最高分辨率: None, 平均帧率: 未知, 视频编解码器: 未知, 音频编解码器: 未知
分类: 🌊港·澳·台, 名称: TVBS亚洲, 有效: 1, IPv4: 0, IPv6: 1, 最小延迟: 404 ms, 最高速率: 15.01 M/s, 平均速率: 15.01 M/s, 最高分辨率: 1920x1080, 平均帧率: 25.00, 视频编解码器: h264, 音频编解码器: aac
分类: 🌊港·澳·台, 名称: 无线新闻, 有效: 0, IPv4: 0, IPv6: 2, 最小延迟: 100 ms, 最高速率: 57.82 M/s, 平均速率: 0.00 M/s, 最高分辨率: None, 平均帧率: 未知, 视频编解码器: 未知, 音频编解码器: 未知
分类: 🌊港·澳·台, 名称: 凤凰资讯, 有效: 1, IPv4: 3, IPv6: 2, 最小延迟: 43 ms, 最高速率: 87.25 M/s, 平均速率: 0.53 M/s, 最高分辨率: 1920x1080, 平均帧率: 37.50, 视频编解码器: h264, 音频编解码器: mp2
分类: 🌊港·澳·台, 名称: 凤凰中文, 有效: 0, IPv4: 3, IPv6: 2, 最小延迟: 91 ms, 最高速率: 105.44 M/s, 平均速率: 0.00 M/s, 最高分辨率: 1920x1080, 平均帧率: 37.50, 视频编解码器: h264, 音频编解码器: mp2
分类: 🌊港·澳·台, 名称: 翡翠台, 有效: 3, IPv4: 0, IPv6: 5, 最小延迟: 60 ms, 最高速率: 192.21 M/s, 平均速率: 91.33 M/s, 最高分辨率: 3840x2160, 平均帧率: 33.33, 视频编解码器: h264, 音频编解码器: aac
分类: 🌊港·澳·台, 名称: 凤凰卫视, 有效: 0, IPv4: 1, IPv6: 0, 最小延迟: 10083 ms, 最高速率: 0.50 M/s, 平均速率: 0.00 M/s, 最高分辨率: 1920x1080, 平均帧率: 25.00, 视频编解码器: h264, 音频编解码器: mp2
分类: 🎬电影频道, 名称: CHC家庭影院, 有效: 5, IPv4: 5, IPv6: 0, 最小延迟: 520 ms, 最高速率: 11.69 M/s, 平均速率: 4.85 M/s, 最高分辨率: 1920x1080, 平均帧率: 25.00, 视频编解码器: h264, 音频编解码器: aac
分类: 🎬电影频道, 名称: CHC动作电影, 有效: 4, IPv4: 5, IPv6: 0, 最小延迟: 529 ms, 最高速率: 9.18 M/s, 平均速率: 4.71 M/s, 最高分辨率: 1920x1080, 平均帧率: 25.00, 视频编解码器: h264, 音频编解码器: aac
分类: 🎬电影频道, 名称: 经典电影, 有效: 0, IPv4: 1, IPv6: 0, 最小延迟: -1 ms, 最高速率: 0.00 M/s, 平均速率: 0.00 M/s, 最高分辨率: None, 平均帧率: 未知, 视频编解码器: 未知, 音频编解码器: 未知
分类: 🎬电影频道, 名称: 天映经典, 有效: 0, IPv4: 0, IPv6: 1, 最小延迟: 144 ms, 最高速率: 29.23 M/s, 平均速率: 0.00 M/s, 最高分辨率: 720x540, 平均帧率: 25.00, 视频编解码器: h264, 音频编解码器: aac
分类: 🎬电影频道, 名称: NewTV惊悚悬疑, 有效: 2, IPv4: 2, IPv6: 0, 最小延迟: 166 ms, 最高速率: 11.29 M/s, 平均速率: 8.70 M/s, 最高分辨率: 1920x1080, 平均帧率: 30.00, 视频编解码器: h264, 音频编解码器: aac
分类: 🌊港·澳·台, 名称: 东森综合, 有效: 1, IPv4: 1, IPv6: 0, 最小延迟: 213 ms, 最高速率: 0.64 M/s, 平均速率: 0.64 M/s, 最高分辨率: 1920x1080, 平均帧率: 29.97, 视频编解码器: h264, 音频编解码器: aac
分类: 🏀体育频道, 名称: 五星体育, 有效: 0, IPv4: 0, IPv6: 1, 最小延迟: 197 ms, 最高速率: 0.44 M/s, 平均速率: 0.00 M/s, 最高分辨率: 1920x1080, 平均帧率: 15.00, 视频编解码器: h264, 音频编解码器: aac
分类: 🏀体育频道, 名称: 天津体育, 有效: 1, IPv4: 1, IPv6: 0, 最小延迟: 574 ms, 最高速率: 3.67 M/s, 平均速率: 3.67 M/s, 最高分辨率: 1280x720, 平均帧率: 25.00, 视频编解码器: h264, 音频编解码器: aac
分类: 🌊港·澳·台, 名称: 东森电影, 有效: 1, IPv4: 1, IPv6: 0, 最小延迟: 156 ms, 最高速率: 0.22 M/s, 平均速率: 0.22 M/s, 最高分辨率: 1280x720, 平均帧率: 30.00, 视频编解码器: h264, 音频编解码器: aac
分类: 🪁动画频道, 名称: 宝宝动画, 有效: 0, IPv4: 1, IPv6: 0, 最小延迟: -1 ms, 最高速率: 0.00 M/s, 平均速率: 0.00 M/s, 最高分辨率: None, 平均帧率: 未知, 视频编解码器: 未知, 音频编解码器: 未知
分类: 🏀体育频道, 名称: 睛彩篮球, 有效: 0, IPv4: 2, IPv6: 0, 最小延迟: -1 ms, 最高速率: 0.00 M/s, 平均速率: 0.00 M/s, 最高分辨率: None, 平均帧率: 未知, 视频编解码器: 未知, 音频编解码器: 未知
分类: 🏀体育频道, 名称: 快乐垂钓, 有效: 1, IPv4: 1, IPv6: 0, 最小延迟: 27 ms, 最高速率: 7.53 M/s, 平均速率: 7.53 M/s, 最高分辨率: 1280x720, 平均帧率: 30.00, 视频编解码器: h264, 音频编解码器: aac
分类: 🪁动画频道, 名称: 金鹰卡通, 有效: 1, IPv4: 2, IPv6: 0, 最小延迟: 62 ms, 最高速率: 3.63 M/s, 平均速率: 3.63 M/s, 最高分辨率: 1280x720, 平均帧率: 30.00, 视频编解码器: h264, 音频编解码器: aac
分类: 🎮游戏频道, 名称: 游戏风云, 有效: 1, IPv4: 1, IPv6: 0, 最小延迟: 32 ms, 最高速率: 6.95 M/s, 平均速率: 6.95 M/s, 最高分辨率: 1280x720, 平均帧率: 30.00, 视频编解码器: h264, 音频编解码器: aac
分类: 🎮游戏频道, 名称: 电竞天堂, 有效: 0, IPv4: 1, IPv6: 0, 最小延迟: -1 ms, 最高速率: 0.00 M/s, 平均速率: 0.00 M/s, 最高分辨率: None, 平均帧率: 未知, 视频编解码器: 未知, 音频编解码器: 未知
分类: 🪁动画频道, 名称: 蜡笔小新, 有效: 0, IPv4: 1, IPv6: 1, 最小延迟: 1218 ms, 最高速率: 0.34 M/s, 平均速率: 0.00 M/s, 最高分辨率: 1280x976, 平均帧率: 25.00, 视频编解码器: h264, 音频编解码器: aac
分类: 🎵音乐频道, 名称: 音乐现场, 有效: 0, IPv4: 1, IPv6: 0, 最小延迟: 94 ms, 最高速率: 1.17 M/s, 平均速率: 0.00 M/s, 最高分辨率: None, 平均帧率: 未知, 视频编解码器: 未知, 音频编解码器: aac
分类: 🪁动画频道, 名称: 火影忍者, 有效: 0, IPv4: 1, IPv6: 0, 最小延迟: 1452 ms, 最高速率: 0.39 M/s, 平均速率: 0.00 M/s, 最高分辨率: 1920x1080, 平均帧率: 25.00, 视频编解码器: h264, 音频编解码器: aac
分类: 🎬电影频道, 名称: 星空卫视, 有效: 0, IPv4: 1, IPv6: 0, 最小延迟: 10811 ms, 最高速率: 0.11 M/s, 平均速率: 0.00 M/s, 最高分辨率: None, 平均帧率: 未知, 视频编解码器: 未知, 音频编解码器: 未知
分类: 🏛经典剧场, 名称: 笑傲江湖, 有效: 1, IPv4: 0, IPv6: 1, 最小延迟: 643 ms, 最高速率: 0.87 M/s, 平均速率: 0.87 M/s, 最高分辨率: 1280x720, 平均帧率: 25.00, 视频编解码器: h264, 音频编解码器: aac
分类: 🏛经典剧场, 名称: 西游记, 有效: 0, IPv4: 2, IPv6: 0, 最小延迟: -1 ms, 最高速率: 0.00 M/s, 平均速率: 0.00 M/s, 最高分辨率: None, 平均帧率: 未知, 视频编解码器: 未知, 音频编解码器: 未知
分类: 🏛经典剧场, 名称: 天龙八部, 有效: 1, IPv4: 0, IPv6: 1, 最小延迟: 646 ms, 最高速率: 0.84 M/s, 平均速率: 0.84 M/s, 最高分辨率: 1280x720, 平均帧率: 23.00, 视频编解码器: h264, 音频编解码器: aac
分类: 🏛经典剧场, 名称: 仙剑奇侠传, 有效: 2, IPv4: 0, IPv6: 2, 最小延迟: 804 ms, 最高速率: 0.83 M/s, 平均速率: 0.71 M/s, 最高分辨率: 1920x1080, 平均帧率: 30.00, 视频编解码器: h264, 音频编解码器: aac
分类: 🏛经典剧场, 名称: 上海滩, 有效: 3, IPv4: 0, IPv6: 3, 最小延迟: 225 ms, 最高速率: 0.92 M/s, 平均速率: 0.54 M/s, 最高分辨率: 1280x720, 平均帧率: 28.33, 视频编解码器: h264, 音频编解码器: aac
